ARM Linker, 4.1 [Build 644] [Standard]

==============================================================================

Section Cross References

    stm32f10x_rcc.o(i.RCC_GetClocksFreq) refers to stm32f10x_rcc.o(.data) for APBAHBPrescTable
    stm32f10x_rcc.o(i.RCC_WaitForHSEStartUp) refers to stm32f10x_rcc.o(i.RCC_GetFlagStatus) for RCC_GetFlagStatus
    stm32f10x_wwdg.o(i.WWDG_DeInit) refers to stm32f10x_rcc.o(i.RCC_APB1PeriphResetCmd) for RCC_APB1PeriphResetCmd
    stm32f10x_pwr.o(i.PWR_DeInit) refers to stm32f10x_rcc.o(i.RCC_APB1PeriphResetCmd) for RCC_APB1PeriphResetCmd
    stm32f10x_bkp.o(i.BKP_DeInit) refers to stm32f10x_rcc.o(i.RCC_BackupResetCmd) for RCC_BackupResetCmd
    stm32f10x_i2c.o(i.I2C_DeInit) refers to stm32f10x_rcc.o(i.RCC_APB1PeriphResetCmd) for RCC_APB1PeriphResetCmd
    stm32f10x_i2c.o(i.I2C_Init) refers to stm32f10x_rcc.o(i.RCC_GetClocksFreq) for RCC_GetClocksFreq
    stm32f10x_adc.o(i.ADC_DeInit) refers to stm32f10x_rcc.o(i.RCC_APB2PeriphResetCmd) for RCC_APB2PeriphResetCmd
    stm32f10x_dac.o(i.DAC_DeInit) refers to stm32f10x_rcc.o(i.RCC_APB1PeriphResetCmd) for RCC_APB1PeriphResetCmd
    stm32f10x_rtc.o(i.RTC_SetAlarm) refers to stm32f10x_rtc.o(i.RTC_EnterConfigMode) for RTC_EnterConfigMode
    stm32f10x_rtc.o(i.RTC_SetAlarm) refers to stm32f10x_rtc.o(i.RTC_ExitConfigMode) for RTC_ExitConfigMode
    stm32f10x_rtc.o(i.RTC_SetCounter) refers to stm32f10x_rtc.o(i.RTC_EnterConfigMode) for RTC_EnterConfigMode
    stm32f10x_rtc.o(i.RTC_SetCounter) refers to stm32f10x_rtc.o(i.RTC_ExitConfigMode) for RTC_ExitConfigMode
    stm32f10x_rtc.o(i.RTC_SetPrescaler) refers to stm32f10x_rtc.o(i.RTC_EnterConfigMode) for RTC_EnterConfigMode
    stm32f10x_rtc.o(i.RTC_SetPrescaler) refers to stm32f10x_rtc.o(i.RTC_ExitConfigMode) for RTC_ExitConfigMode
    stm32f10x_tim.o(i.TIM_DeInit) refers to stm32f10x_rcc.o(i.RCC_APB2PeriphResetCmd) for RCC_APB2PeriphResetCmd
    stm32f10x_tim.o(i.TIM_DeInit) refers to stm32f10x_rcc.o(i.RCC_APB1PeriphResetCmd) for RCC_APB1PeriphResetCmd
    stm32f10x_tim.o(i.TIM_ETRClockMode1Config) refers to stm32f10x_tim.o(i.TIM_ETRConfig) for TIM_ETRConfig
    stm32f10x_tim.o(i.TIM_ETRClockMode2Config) refers to stm32f10x_tim.o(i.TIM_ETRConfig) for TIM_ETRConfig
    stm32f10x_tim.o(i.TIM_ICInit) refers to stm32f10x_tim.o(i.TI1_Config) for TI1_Config
    stm32f10x_tim.o(i.TIM_ICInit) refers to stm32f10x_tim.o(i.TIM_SetIC1Prescaler) for TIM_SetIC1Prescaler
    stm32f10x_tim.o(i.TIM_ICInit) refers to stm32f10x_tim.o(i.TI2_Config) for TI2_Config
    stm32f10x_tim.o(i.TIM_ICInit) refers to stm32f10x_tim.o(i.TIM_SetIC2Prescaler) for TIM_SetIC2Prescaler
    stm32f10x_tim.o(i.TIM_ICInit) refers to stm32f10x_tim.o(i.TI3_Config) for TI3_Config
    stm32f10x_tim.o(i.TIM_ICInit) refers to stm32f10x_tim.o(i.TIM_SetIC3Prescaler) for TIM_SetIC3Prescaler
    stm32f10x_tim.o(i.TIM_ICInit) refers to stm32f10x_tim.o(i.TI4_Config) for TI4_Config
    stm32f10x_tim.o(i.TIM_ICInit) refers to stm32f10x_tim.o(i.TIM_SetIC4Prescaler) for TIM_SetIC4Prescaler
    stm32f10x_tim.o(i.TIM_ITRxExternalClockConfig) refers to stm32f10x_tim.o(i.TIM_SelectInputTrigger) for TIM_SelectInputTrigger
    stm32f10x_tim.o(i.TIM_PWMIConfig) refers to stm32f10x_tim.o(i.TI1_Config) for TI1_Config
    stm32f10x_tim.o(i.TIM_PWMIConfig) refers to stm32f10x_tim.o(i.TIM_SetIC1Prescaler) for TIM_SetIC1Prescaler
    stm32f10x_tim.o(i.TIM_PWMIConfig) refers to stm32f10x_tim.o(i.TI2_Config) for TI2_Config
    stm32f10x_tim.o(i.TIM_PWMIConfig) refers to stm32f10x_tim.o(i.TIM_SetIC2Prescaler) for TIM_SetIC2Prescaler
    stm32f10x_tim.o(i.TIM_TIxExternalClockConfig) refers to stm32f10x_tim.o(i.TI2_Config) for TI2_Config
    stm32f10x_tim.o(i.TIM_TIxExternalClockConfig) refers to stm32f10x_tim.o(i.TI1_Config) for TI1_Config
    stm32f10x_tim.o(i.TIM_TIxExternalClockConfig) refers to stm32f10x_tim.o(i.TIM_SelectInputTrigger) for TIM_SelectInputTrigger
    stm32f10x_spi.o(i.I2S_Init) refers to stm32f10x_rcc.o(i.RCC_GetClocksFreq) for RCC_GetClocksFreq
    stm32f10x_spi.o(i.SPI_I2S_DeInit) refers to stm32f10x_rcc.o(i.RCC_APB2PeriphResetCmd) for RCC_APB2PeriphResetCmd
    stm32f10x_spi.o(i.SPI_I2S_DeInit) refers to stm32f10x_rcc.o(i.RCC_APB1PeriphResetCmd) for RCC_APB1PeriphResetCmd
    stm32f10x_flash.o(i.FLASH_EnableWriteProtection) refers to stm32f10x_flash.o(i.FLASH_WaitForLastOperation) for FLASH_WaitForLastOperation
    stm32f10x_flash.o(i.FLASH_EraseAllBank1Pages) refers to stm32f10x_flash.o(i.FLASH_WaitForLastBank1Operation) for FLASH_WaitForLastBank1Operation
    stm32f10x_flash.o(i.FLASH_EraseAllPages) refers to stm32f10x_flash.o(i.FLASH_WaitForLastOperation) for FLASH_WaitForLastOperation
    stm32f10x_flash.o(i.FLASH_EraseOptionBytes) refers to stm32f10x_flash.o(i.FLASH_GetReadOutProtectionStatus) for FLASH_GetReadOutProtectionStatus
    stm32f10x_flash.o(i.FLASH_EraseOptionBytes) refers to stm32f10x_flash.o(i.FLASH_WaitForLastOperation) for FLASH_WaitForLastOperation
[...]
    rt_thread_timeout                        0x080112d5   Thumb Code    98  thread.o(i.rt_thread_timeout)
    rt_thread_yield                          0x08011395   Thumb Code    90  thread.o(i.rt_thread_yield)
    rt_tick_get                              0x080113f9   Thumb Code     6  clock.o(i.rt_tick_get)
    rt_tick_increase                         0x08011405   Thumb Code    46  clock.o(i.rt_tick_increase)
    rt_timer_check                           0x08011439   Thumb Code   156  timer.o(i.rt_timer_check)
    rt_timer_control                         0x080114dd   Thumb Code    96  timer.o(i.rt_timer_control)
    rt_timer_detach                          0x08011575   Thumb Code    64  timer.o(i.rt_timer_detach)
    rt_timer_init                            0x080115ed   Thumb Code    78  timer.o(i.rt_timer_init)
    rt_timer_start                           0x08011675   Thumb Code   208  timer.o(i.rt_timer_start)
    rt_vsprintf                              0x080117a9   Thumb Code    22  kservice.o(i.rt_vsprintf)
    rtthread_startup                         0x080117c1   Thumb Code    70  startup.o(i.rtthread_startup)
    sst25vfxx_init                           0x080119e1   Thumb Code   256  sst25vfxx.o(i.sst25vfxx_init)
    sst25vfxx_page_write                     0x08011b15   Thumb Code   328  sst25vfxx.o(i.sst25vfxx_page_write)
    sst25vfxx_read                           0x08011c65   Thumb Code   196  sst25vfxx.o(i.sst25vfxx_read)
    strcmp                                   0x08011d9f   Thumb Code    36  shell.o(i.strcmp)
    token_get_string                         0x08011ef1   Thumb Code   130  finsh_token.o(i.token_get_string)
    unlink                                   0x080125df   Thumb Code    32  dfs_posix.o(i.unlink)
    version                                  0x08012657   Thumb Code    10  cmd.o(i.version)
    write                                    0x080129cd   Thumb Code    80  dfs_posix.o(i.write)
    zget_data                                0x08012c01   Thumb Code    72  zcore.o(i.zget_data)
    zget_header                              0x08012e29   Thumb Code   422  zcore.o(i.zget_header)
    zget_hex_header                          0x08013041   Thumb Code   214  zcore.o(i.zget_hex_header)
    zget_pos                                 0x0801313d   Thumb Code    58  zcore.o(i.zget_pos)
    zinit_parameter                          0x08013209   Thumb Code    86  zcore.o(i.zinit_parameter)
    zmodem_rx_ind                            0x08013295   Thumb Code    16  zstart.o(i.zmodem_rx_ind)
    zput_pos                                 0x080132a9   Thumb Code    24  zcore.o(i.zput_pos)
    zr_start                                 0x080132c5   Thumb Code   238  rz.o(i.zr_start)
    zread_byte                               0x0801344d   Thumb Code   254  zcore.o(i.zread_byte)
    zread_line                               0x0801354d   Thumb Code   132  zdevice.o(i.zread_line)
    zs_start                                 0x08013ecd   Thumb Code   130  sz.o(i.zs_start)
    zsend_bin_data                           0x08014061   Thumb Code   804  zcore.o(i.zsend_bin_data)
    zsend_bin_header                         0x08014391   Thumb Code   486  zcore.o(i.zsend_bin_header)
    zsend_break                              0x08014589   Thumb Code    52  zdevice.o(i.zsend_break)
    zsend_byte                               0x080145bd   Thumb Code    20  zdevice.o(i.zsend_byte)
    zsend_can                                0x080145d5   Thumb Code    24  zdevice.o(i.zsend_can)
    zsend_hex_header                         0x08014959   Thumb Code   206  zcore.o(i.zsend_hex_header)
    zsend_line                               0x08014ad1   Thumb Code    30  zdevice.o(i.zsend_line)
    zsend_zdle_char                          0x08014af5   Thumb Code   102  zcore.o(i.zsend_zdle_char)
    zxor_read                                0x08014b71   Thumb Code    64  zcore.o(i.zxor_read)
    _get_lc_ctype                            0x08014bb1   Thumb Code    44  lc_ctype_c.o(locale$$code)
    _fp_init                                 0x08014bdd   Thumb Code    14  fpinit.o(x$fpl$fpinit)
    __fplib_config_pureend_doubles           0x08014be9   Thumb Code     0  fpinit.o(x$fpl$fpinit)
    __fsym_list_mem_name                     0x08014e0c   Data           9  mem.o(.constdata)
    __fsym_list_mem_desc                     0x08014e15   Data          30  mem.o(.constdata)
    rt_lowest_bitmap                         0x08014fb0   Data         256  scheduler.o(.constdata)
    __fsym_hello_name                        0x08015204   Data           6  cmd.o(.constdata)
    __fsym_hello_desc                        0x0801520a   Data          16  cmd.o(.constdata)
    __fsym_version_name                      0x0801521a   Data           8  cmd.o(.constdata)
    __fsym_version_desc                      0x08015222   Data          35  cmd.o(.constdata)
    __fsym_list_thread_name                  0x08015245   Data          12  cmd.o(.constdata)
    __fsym_list_thread_desc                  0x08015251   Data          12  cmd.o(.constdata)
    __fsym_list_sem_name                     0x0801525d   Data           9  cmd.o(.constdata)
    __fsym_list_sem_desc                     0x08015266   Data          25  cmd.o(.constdata)
    __fsym_list_event_name                   0x0801527f   Data          11  cmd.o(.constdata)
    __fsym_list_event_desc                   0x0801528a   Data          21  cmd.o(.constdata)
    __fsym_list_mutex_name                   0x0801529f   Data          11  cmd.o(.constdata)
    __fsym_list_mutex_desc                   0x080152aa   Data          21  cmd.o(.constdata)
    __fsym_list_mailbox_name                 0x080152bf   Data          13  cmd.o(.constdata)
    __fsym_list_mailbox_desc                 0x080152cc   Data          24  cmd.o(.constdata)
    __fsym_list_msgqueue_name                0x080152e4   Data          14  cmd.o(.constdata)
    __fsym_list_msgqueue_desc                0x080152f2   Data          29  cmd.o(.constdata)
    __fsym_list_mempool_name                 0x0801530f   Data          13  cmd.o(.constdata)
    __fsym_list_mempool_desc                 0x0801531c   Data          27  cmd.o(.constdata)
    __fsym_list_timer_name                   0x08015337   Data          11  cmd.o(.constdata)
    __fsym_list_timer_desc                   0x08015342   Data          21  cmd.o(.constdata)
    __fsym_list_device_name                  0x08015357   Data          12  cmd.o(.constdata)
    __fsym_list_device_desc                  0x08015363   Data          22  cmd.o(.constdata)
    __fsym_list_name                         0x08015379   Data           5  cmd.o(.constdata)
    __fsym_list_desc                         0x0801537e   Data          26  cmd.o(.constdata)
    __vsym_dummy_name                        0x08015398   Data           6  cmd.o(.constdata)
    __vsym_dummy_desc                        0x0801539e   Data          25  cmd.o(.constdata)
    op_table                                 0x08015468   Data         196  finsh_ops.o(.constdata)
    __fsym_mkfs_name                         0x080155d5   Data           5  dfs_fs.o(.constdata)
    __fsym_mkfs_desc                         0x080155da   Data          19  dfs_fs.o(.constdata)
    __fsym_df_name                           0x080155ed   Data           3  dfs_fs.o(.constdata)
    __fsym_df_desc                           0x080155f0   Data          14  dfs_fs.o(.constdata)
    __fsym_ls_name                           0x0801561b   Data           3  dfs_file.o(.constdata)
    __fsym_ls_desc                           0x0801561e   Data          24  dfs_file.o(.constdata)
    __fsym_rm_name                           0x08015636   Data           3  dfs_file.o(.constdata)
    __fsym_rm_desc                           0x08015639   Data          28  dfs_file.o(.constdata)
    __fsym_cat_name                          0x08015655   Data           4  dfs_file.o(.constdata)
    __fsym_cat_desc                          0x08015659   Data          11  dfs_file.o(.constdata)
    __fsym_copy_name                         0x08015664   Data           5  dfs_file.o(.constdata)
    __fsym_copy_desc                         0x08015669   Data          37  dfs_file.o(.constdata)
    __fsym_mkdir_name                        0x0801568e   Data           6  dfs_posix.o(.constdata)
    __fsym_mkdir_desc                        0x08015694   Data          19  dfs_posix.o(.constdata)
    __fsym_rz_name                           0x08015c08   Data           3  zstart.o(.constdata)
    __fsym_rz_desc                           0x08015c0b   Data          33  zstart.o(.constdata)
    __fsym_sz_name                           0x08015c2c   Data           3  zstart.o(.constdata)
    __fsym_sz_desc                           0x08015c2f   Data          30  zstart.o(.constdata)
    FSymTab$$Base                            0x08015da0   Number         0  mem.o(FSymTab)
    __fsym_list_mem                          0x08015da0   Data          12  mem.o(FSymTab)
    __fsym_hello                             0x08015dac   Data          12  cmd.o(FSymTab)
    __fsym_version                           0x08015db8   Data          12  cmd.o(FSymTab)
    __fsym_list_thread                       0x08015dc4   Data          12  cmd.o(FSymTab)
    __fsym_list_sem                          0x08015dd0   Data          12  cmd.o(FSymTab)
    __fsym_list_event                        0x08015ddc   Data          12  cmd.o(FSymTab)
    __fsym_list_mutex                        0x08015de8   Data          12  cmd.o(FSymTab)
    __fsym_list_mailbox                      0x08015df4   Data          12  cmd.o(FSymTab)
    __fsym_list_msgqueue                     0x08015e00   Data          12  cmd.o(FSymTab)
    __fsym_list_mempool                      0x08015e0c   Data          12  cmd.o(FSymTab)
    __fsym_list_timer                        0x08015e18   Data          12  cmd.o(FSymTab)
    __fsym_list_device                       0x08015e24   Data          12  cmd.o(FSymTab)
    __fsym_list                              0x08015e30   Data          12  cmd.o(FSymTab)
    __fsym_mkfs                              0x08015e3c   Data          12  dfs_fs.o(FSymTab)
    __fsym_df                                0x08015e48   Data          12  dfs_fs.o(FSymTab)
    __fsym_ls                                0x08015e54   Data          12  dfs_file.o(FSymTab)
    __fsym_rm                                0x08015e60   Data          12  dfs_file.o(FSymTab)
    __fsym_cat                               0x08015e6c   Data          12  dfs_file.o(FSymTab)
    __fsym_copy                              0x08015e78   Data          12  dfs_file.o(FSymTab)
    __fsym_mkdir                             0x08015e84   Data          12  dfs_posix.o(FSymTab)
    __fsym_rz                                0x08015e90   Data          12  zstart.o(FSymTab)
    __fsym_sz                                0x08015e9c   Data          12  zstart.o(FSymTab)
    FSymTab$$Limit                           0x08015ea8   Number         0  zstart.o(FSymTab)
    Region$$Table$$Base                      0x08015ea8   Number         0  anon$$obj.o(Region$$Table)
    Region$$Table$$Limit                     0x08015ec8   Number         0  anon$$obj.o(Region$$Table)
    VSymTab$$Base                            0x08015ec8   Number         0  cmd.o(VSymTab)
    __vsym_dummy                             0x08015ec8   Data          16  cmd.o(VSymTab)
    VSymTab$$Limit                           0x08015ed8   Number         0  cmd.o(VSymTab)
    __ctype                                  0x08015ee5   Data           0  lc_ctype_c.o(locale$$data)
    rt_interrupt_nest                        0x2000001c   Data           1  irq.o(.data)
    errno                                    0x20000024   Data           4  kservice.o(.data)
    rt_object_container                      0x20000050   Data         144  object.o(.data)
    rt_object_trytake_hook                   0x200000e8   Data           4  object.o(.data)
    rt_object_take_hook                      0x200000ec   Data           4  object.o(.data)
    rt_object_put_hook                       0x200000f0   Data           4  object.o(.data)
    rt_current_thread                        0x200000f8   Data           4  scheduler.o(.data)
    rt_current_priority                      0x200000fc   Data           1  scheduler.o(.data)
    rt_thread_ready_priority_group           0x20000100   Data           4  scheduler.o(.data)
    rt_thread_defunct                        0x20000104   Data           8  scheduler.o(.data)
    finsh_compile_sp                         0x20000120   Data           4  finsh_compiler.o(.data)
    finsh_compile_pc                         0x20000124   Data           4  finsh_compiler.o(.data)
    global_errno                             0x20000164   Data           1  finsh_error.o(.data)
    global_sysvar_list                       0x20000170   Data           4  finsh_var.o(.data)
    global_syscall_list                      0x20000174   Data           4  finsh_vm.o(.data)
    finsh_sp                                 0x20000178   Data           4  finsh_vm.o(.data)
    finsh_pc                                 0x2000017c   Data           4  finsh_vm.o(.data)
    shell                                    0x20000180   Data           4  shell.o(.data)
    _syscall_table_begin                     0x20000184   Data           4  symbol.o(.data)
    _syscall_table_end                       0x20000188   Data           4  symbol.o(.data)
    _sysvar_table_begin                      0x2000018c   Data           4  symbol.o(.data)
    _sysvar_table_end                        0x20000190   Data           4  symbol.o(.data)
    rt_interrupt_from_thread                 0x200001a8   Data           4  interrupt.o(.data)
    rt_interrupt_to_thread                   0x200001ac   Data           4  interrupt.o(.data)
    rt_thread_switch_interrput_flag          0x200001b0   Data           4  interrupt.o(.data)
    TransferError                            0x200001c8   Data           1  sdcard.o(.data)
    TransferEnd                              0x200001cc   Data           4  sdcard.o(.data)
    NumberOfBytes                            0x200001d0   Data           4  sdcard.o(.data)
    SrcBuffer                                0x200001d4   Data           4  sdcard.o(.data)
    DestBuffer                               0x200001d8   Data           4  sdcard.o(.data)
    SystemCoreClock                          0x200001dc   Data           4  system_stm32f10x.o(.data)
    AHBPrescTable                            0x200001e0   Data          16  system_stm32f10x.o(.data)
    uart1                                    0x200001f0   Data          12  usart.o(.data)
    ZF0_CMD                                  0x20000e10   Data           1  zcore.o(.data)
    ZF1_CMD                                  0x20000e11   Data           1  zcore.o(.data)
    ZF2_CMD                                  0x20000e12   Data           1  zcore.o(.data)
    ZF3_CMD                                  0x20000e13   Data           1  zcore.o(.data)
    Rxframeind                               0x20000e14   Data           1  zcore.o(.data)
    Rxcount                                  0x20000e16   Data           2  zcore.o(.data)
    header_type                              0x20000e18   Data           1  zcore.o(.data)
    rx_header                                0x20000e19   Data           4  zcore.o(.data)
    tx_header                                0x20000e1d   Data           4  zcore.o(.data)
    Rxpos                                    0x20000e24   Data           4  zcore.o(.data)
    Txpos                                    0x20000e28   Data           4  zcore.o(.data)
    Txfcs32                                  0x20000e2c   Data           1  zcore.o(.data)
    TxCRC                                    0x20000e2d   Data           1  zcore.o(.data)
    RxCRC                                    0x20000e2e   Data           1  zcore.o(.data)
    Line_left                                0x20001430   Data           4  zdevice.o(.data)
    Left_sizes                               0x20001434   Data           4  zdevice.o(.data)
    Baudrate                                 0x20001438   Data           4  zdevice.o(.data)
    rt_thread_priority_table                 0x20001668   Data         256  scheduler.o(.bss)
    finsh_heap                               0x20001768   Data         128  finsh_heap.o(.bss)
    global_node_table                        0x200017e8   Data         320  finsh_node.o(.bss)
    global_variable                          0x20001928   Data         192  finsh_var.o(.bss)
    finsh_vm_stack                           0x200019e8   Data         256  finsh_vm.o(.bss)
    text_segment                             0x20001ae8   Data         128  finsh_vm.o(.bss)
    filesystem_operation_table               0x200023e8   Data          16  dfs.o(.bss)
    filesystem_table                         0x200023f8   Data          32  dfs.o(.bss)
    fd_table                                 0x2000243c   Data         256  dfs.o(.bss)
    spi1_lock                                0x20002660   Data          32  board.o(.bss)
    SDIO_InitStructure                       0x200026a0   Data          24  sdcard.o(.bss)
    SDIO_CmdInitStructure                    0x200026b8   Data          20  sdcard.o(.bss)
    SDIO_DataInitStructure                   0x200026cc   Data          24  sdcard.o(.bss)
    uart1_int_rx                             0x200029a4   Data        1032  usart.o(.bss)
    uart1_device                             0x20002dac   Data          64  usart.o(.bss)
    Attn                                     0x2000342c   Data          33  zcore.o(.bss)
    zmodem                                   0x20003450   Data          36  zstart.o(.bss)
    __libspace_start                         0x20003480   Data          96  libspace.o(.bss)
    __temporary_stack_top$libspace           0x200034e0   Data           0  libspace.o(.bss)
    Image$$RW_IRAM1$$ZI$$Limit               0x200036e0   Number         0  start_rvds.o(STACK)



==============================================================================

Memory Map of the image

  Image Entry point : 0x08000151

  Load Region LR_IROM1 (Base: 0x08000000, Size: 0x00017430, Max: 0x00080000, ABSOLUTE, COMPRESSED[0x00016704])

    Execution Region ER_IROM1 (Base: 0x08000000, Size: 0x00015fe8, Max: 0x00080000, ABSOLUTE)

    Base Addr    Size         Type   Attr      Idx    E Section Name        Object

    0x08000000   0x00000150   Data   RO         6174    RESET               start_rvds.o
    0x08000150   0x00000008   Code   RO         7239  * !!!main             c_w.l(__main.o)
    0x08000158   0x00000034   Code   RO         7432    !!!scatter          c_w.l(__scatter.o)
    0x0800018c   0x00000064   Code   RO         7430    !!dclz77c           c_w.l(__dclz77c.o)
    0x080001f0   0x0000001c   Code   RO         7434    !!handler_zi        c_w.l(__scatter_zi.o)
    0x0800020c   0x00000006   Code   RO         7346    .ARM.Collect$$libinit$$00000000  c_w.l(libinit.o)
    0x08000212   0x00000000   Code   RO         7295    .ARM.Collect$$libinit$$00000006  c_w.l(libinit2.o)
    0x08000212   0x00000000   Code   RO         7297    .ARM.Collect$$libinit$$00000008  c_w.l(libinit2.o)
    0x08000212   0x00000000   Code   RO         7299    .ARM.Collect$$libinit$$0000000A  c_w.l(libinit2.o)
    0x08000212   0x00000006   Code   RO         7300    .ARM.Collect$$libinit$$0000000B  c_w.l(libinit2.o)
    0x08000218   0x00000000   Code   RO         7302    .ARM.Collect$$libinit$$0000000D  c_w.l(libinit2.o)
    0x08000218   0x0000000c   Code   RO         7303    .ARM.Collect$$libinit$$0000000E  c_w.l(libinit2.o)
    0x08000224   0x00000000   Code   RO         7304    .ARM.Collect$$libinit$$0000000F  c_w.l(libinit2.o)
    0x08000224   0x00000000   Code   RO         7306    .ARM.Collect$$libinit$$00000011  c_w.l(libinit2.o)
    0x08000224   0x00000000   Code   RO         7308    .ARM.Collect$$libinit$$00000013  c_w.l(libinit2.o)
    0x08000224   0x00000000   Code   RO         7310    .ARM.Collect$$libinit$$00000015  c_w.l(libinit2.o)
    0x08000224   0x00000000   Code   RO         7312    .ARM.Collect$$libinit$$00000017  c_w.l(libinit2.o)
    0x08000224   0x00000000   Code   RO         7314    .ARM.Collect$$libinit$$00000019  c_w.l(libinit2.o)
    0x08000224   0x00000000   Code   RO         7316    .ARM.Collect$$libinit$$0000001B  c_w.l(libinit2.o)
    0x08000224   0x00000000   Code   RO         7318    .ARM.Collect$$libinit$$0000001D  c_w.l(libinit2.o)
    0x08000224   0x00000000   Code   RO         7320    .ARM.Collect$$libinit$$0000001F  c_w.l(libinit2.o)
    0x08000224   0x00000000   Code   RO         7322    .ARM.Collect$$libinit$$00000021  c_w.l(libinit2.o)
    0x08000224   0x00000000   Code   RO         7326    .ARM.Collect$$libinit$$00000028  c_w.l(libinit2.o)
    0x08000224   0x00000000   Code   RO         7328    .ARM.Collect$$libinit$$0000002A  c_w.l(libinit2.o)
    0x08000224   0x00000000   Code   RO         7330    .ARM.Collect$$libinit$$0000002C  c_w.l(libinit2.o)
    0x08000224   0x00000000   Code   RO         7332    .ARM.Collect$$libinit$$0000002E  c_w.l(libinit2.o)
    0x08000224   0x00000002   Code   RO         7333    .ARM.Collect$$libinit$$0000002F  c_w.l(libinit2.o)
    0x08000226   0x00000002   Code   RO         7388    .ARM.Collect$$libshutdown$$00000000  c_w.l(libshutdown.o)
    0x08000228   0x00000000   Code   RO         7395    .ARM.Collect$$libshutdown$$00000003  c_w.l(libshutdown2.o)
    0x08000228   0x00000000   Code   RO         7398    .ARM.Collect$$libshutdown$$00000006  c_w.l(libshutdown2.o)
    0x08000228   0x00000000   Code   RO         7401    .ARM.Collect$$libshutdown$$00000009  c_w.l(libshutdown2.o)
    0x08000228   0x00000000   Code   RO         7403    .ARM.Collect$$libshutdown$$0000000B  c_w.l(libshutdown2.o)
    0x08000228   0x00000000   Code   RO         7406    .ARM.Collect$$libshutdown$$0000000E  c_w.l(libshutdown2.o)
    0x08000228   0x00000002   Code   RO         7407    .ARM.Collect$$libshutdown$$0000000F  c_w.l(libshutdown2.o)
    0x0800022a   0x00000000   Code   RO         7241    .ARM.Collect$$rtentry$$00000000  c_w.l(rtentry.o)
    0x0800022a   0x00000000   Code   RO         7270    .ARM.Collect$$rtentry$$00000002  c_w.l(rtentry2.o)
    0x0800022a   0x00000006   Code   RO         7285    .ARM.Collect$$rtentry$$00000004  c_w.l(rtentry4.o)
    0x08000230   0x00000000   Code   RO         7272    .ARM.Collect$$rtentry$$00000009  c_w.l(rtentry2.o)
    0x08000230   0x00000004   Code   RO         7273    .ARM.Collect$$rtentry$$0000000A  c_w.l(rtentry2.o)
    0x08000234   0x00000000   Code   RO         7275    .ARM.Collect$$rtentry$$0000000C  c_w.l(rtentry2.o)
    0x08000234   0x00000008   Code   RO         7276    .ARM.Collect$$rtentry$$0000000D  c_w.l(rtentry2.o)
    0x0800023c   0x00000002   Code   RO         7347    .ARM.Collect$$rtexit$$00000000  c_w.l(rtexit.o)
    0x0800023e   0x00000000   Code   RO         7358    .ARM.Collect$$rtexit$$00000002  c_w.l(rtexit2.o)
    0x0800023e   0x00000004   Code   RO         7359    .ARM.Collect$$rtexit$$00000003  c_w.l(rtexit2.o)
    0x08000242   0x00000006   Code   RO         7360    .ARM.Collect$$rtexit$$00000004  c_w.l(rtexit2.o)
    0x08000248   0x000000b0   Code   RO         6164    .text               context_rvds.o
    0x080002f8   0x00000014   Code   RO         6168    .text               fault_rvds.o
    0x0800030c   0x0000003c   Code   RO         6175    .text               start_rvds.o
    0x08000348   0x00000010   Code   RO         7209    .text               c_w.l(rt_ctype_table.o)
    0x08000358   0x0000003c   Code   RO         7211    .text               c_w.l(__0sscanf.o)
    0x08000394   0x0000014e   Code   RO         7213    .text               c_w.l(_scanf_int.o)
    0x080004e2   0x0000001a   Code   RO         7215    .text               c_w.l(atoi.o)
    0x080004fc   0x00000024   Code   RO         7217    .text               c_w.l(strstr.o)
    0x08000520   0x0000003e   Code   RO         7221    .text               c_w.l(strlen.o)
    0x0800055e   0x0000008c   Code   RO         7223    .text               c_w.l(strncmp.o)
    0x080005ea   0x00000018   Code   RO         7225    .text               c_w.l(strcat.o)
    0x08000602   0x0000008a   Code   RO         7227    .text               c_w.l(rt_memcpy_v6.o)
    0x0800068c   0x00000064   Code   RO         7229    .text               c_w.l(rt_memcpy_w.o)
    0x080006f0   0x00000044   Code   RO         7231    .text               c_w.l(rt_memclr.o)
    0x08000734   0x0000004e   Code   RO         7233    .text               c_w.l(rt_memclr_w.o)
    0x08000782   0x00000056   Code   RO         7235    .text               c_w.l(strncpy.o)
    0x080007d8   0x00000006   Code   RO         7237    .text               c_w.l(heapauxi.o)
    0x080007de   0x00000002   PAD
    0x080007e0   0x00000008   Code   RO         7246    .text               c_w.l(rt_locale_intlibspace.o)
    0x080007e8   0x00000008   Code   RO         7251    .text               c_w.l(rt_errno_addr_intlibspace.o)
    0x080007f0   0x00000020   Code   RO         7255    .text               c_w.l(_chval.o)
    0x08000810   0x00000030   Code   RO         7257    .text               c_w.l(scanf_char.o)
    0x08000840   0x00000040   Code   RO         7259    .text               c_w.l(_sgetc.o)
    0x08000880   0x00000070   Code   RO         7261    .text               c_w.l(strtol.o)
    0x080008f0   0x00000008   Code   RO         7266    .text               c_w.l(libspace.o)
    0x080008f8   0x00000012   Code   RO         7287    .text               c_w.l(isspace.o)
    0x0800090a   0x00000002   PAD
    0x0800090c   0x00000388   Code   RO         7289    .text               c_w.l(_scanf.o)
    0x08000c94   0x0000009e   Code   RO         7291    .text               c_w.l(_strtoul.o)
    0x08000d32   0x0000004a   Code   RO         7334    .text               c_w.l(sys_stackheap_outer.o)
    0x08000d7c   0x0000000c   Code   RO         7336    .text               c_w.l(exit.o)
    0x08000d88   0x00000008   Code   RO         7368    .text               c_w.l(rt_fp_status_addr_intlibspace.o)
    0x08000d90   0x0000000c   Code   RO         7376    .text               c_w.l(sys_exit.o)
    0x08000d9c   0x00000002   Code   RO         7378    .text               c_w.l(use_no_semi.o)
    0x08000d9e   0x00000004   Code   RO         6502    i.BusFault_Handler  stm32f10x_it.o
    0x08000da2   0x0000003a   Code   RO         6257    i.CmdError          sdcard.o
    0x08000ddc   0x00000144   Code   RO         6258    i.CmdResp1Error     sdcard.o
    0x08000f20   0x00000058   Code   RO         6259    i.CmdResp2Error     sdcard.o
    0x08000f78   0x00000044   Code   RO         6260    i.CmdResp3Error     sdcard.o
    0x08000fbc   0x000000a8   Code   RO         6261    i.CmdResp6Error     sdcard.o
    0x08001064   0x00000068   Code   RO         6262    i.CmdResp7Error     sdcard.o
    0x080010cc   0x0000001c   Code   RO         2705    i.DMA_ClearFlag     stm32f10x_dma.o
    0x080010e8   0x0000001a   Code   RO         2707    i.DMA_Cmd           stm32f10x_dma.o
    0x08001102   0x00000002   PAD
    0x08001104   0x0000003c   Code   RO         2710    i.DMA_GetFlagStatus  stm32f10x_dma.o
    0x08001140   0x00000058   Code   RO         2713    i.DMA_Init          stm32f10x_dma.o
    0x08001198   0x00000074   Code   RO         6263    i.DMA_RxConfiguration  sdcard.o
    0x0800120c   0x000000ac   Code   RO         6703    i.DMA_RxConfiguration  sst25vfxx.o
    0x080012b8   0x00000074   Code   RO         6264    i.DMA_TxConfiguration  sdcard.o
    0x0800132c   0x00000002   Code   RO         6503    i.DebugMon_Handler  stm32f10x_it.o
    0x0800132e   0x00000002   PAD
    0x08001330   0x000001ec   Code   RO         6265    i.FindSCR           sdcard.o
    0x0800151c   0x00000044   Code   RO         6266    i.GPIO_Configuration  sdcard.o
    0x08001560   0x00000040   Code   RO         6597    i.GPIO_Configuration  usart.o
    0x080015a0   0x00000156   Code   RO         2393    i.GPIO_Init         stm32f10x_gpio.o
    0x080016f6   0x00000004   Code   RO         2400    i.GPIO_ResetBits    stm32f10x_gpio.o
    0x080016fa   0x00000004   Code   RO         2401    i.GPIO_SetBits      stm32f10x_gpio.o
    0x080016fe   0x00000002   PAD
    0x08001700   0x00000188   Code   RO         6267    i.IsCardProgramming  sdcard.o
    0x08001888   0x00000004   Code   RO         6505    i.MemManage_Handler  stm32f10x_it.o
    0x0800188c   0x00000002   Code   RO         6506    i.NMI_Handler       stm32f10x_it.o
    0x0800188e   0x0000000c   Code   RO         6207    i.NVIC_Configuration  board.o
    0x0800189a   0x00000022   Code   RO         6598    i.NVIC_Configuration  usart.o
    0x080018bc   0x000000a0   Code   RO         2902    i.NVIC_Init         misc.o
    0x0800195c   0x00000014   Code   RO         2903    i.NVIC_PriorityGroupConfig  misc.o
    0x08001970   0x00000030   Code   RO         4487    i.OP_add_byte       finsh_ops.o
    0x080019a0   0x00000030   Code   RO         4488    i.OP_add_dword      finsh_ops.o
    0x080019d0   0x00000034   Code   RO         4489    i.OP_add_word       finsh_ops.o
    0x08001a04   0x00000034   Code   RO         4490    i.OP_and_byte       finsh_ops.o
    0x08001a38   0x00000034   Code   RO         4491    i.OP_and_dword      finsh_ops.o
    0x08001a6c   0x00000034   Code   RO         4492    i.OP_and_word       finsh_ops.o
    0x08001aa0   0x0000001c   Code   RO         4493    i.OP_bw_byte        finsh_ops.o
    0x08001abc   0x0000001c   Code   RO         4494    i.OP_bw_dword       finsh_ops.o
    0x08001ad8   0x0000001c   Code   RO         4495    i.OP_bw_word        finsh_ops.o
    0x08001af4   0x000003a0   Code   RO         4496    i.OP_call           finsh_ops.o
    0x08001e94   0x00000034   Code   RO         4497    i.OP_div_byte       finsh_ops.o
    0x08001ec8   0x00000034   Code   RO         4498    i.OP_div_dword      finsh_ops.o
    0x08001efc   0x00000034   Code   RO         4499    i.OP_div_word       finsh_ops.o
    0x08001f30   0x00000030   Code   RO         4500    i.OP_ld_byte        finsh_ops.o
    0x08001f60   0x0000004c   Code   RO         4501    i.OP_ld_dword       finsh_ops.o
    0x08001fac   0x00000050   Code   RO         4502    i.OP_ld_value_byte  finsh_ops.o
    0x08001ffc   0x0000001c   Code   RO         4503    i.OP_ld_value_byte_stack  finsh_ops.o
    0x08002018   0x00000050   Code   RO         4504    i.OP_ld_value_dword  finsh_ops.o
    0x08002068   0x0000001c   Code   RO         4505    i.OP_ld_value_dword_stack  finsh_ops.o
    0x08002084   0x00000050   Code   RO         4506    i.OP_ld_value_word  finsh_ops.o
    0x080020d4   0x0000001c   Code   RO         4507    i.OP_ld_value_word_stack  finsh_ops.o
    0x080020f0   0x0000003c   Code   RO         4508    i.OP_ld_word        finsh_ops.o
    0x0800212c   0x00000038   Code   RO         4509    i.OP_mod_byte       finsh_ops.o
    0x08002164   0x00000038   Code   RO         4510    i.OP_mod_dword      finsh_ops.o
    0x0800219c   0x00000038   Code   RO         4511    i.OP_mod_word       finsh_ops.o
    0x080021d4   0x00000030   Code   RO         4512    i.OP_mul_byte       finsh_ops.o
    0x08002204   0x00000030   Code   RO         4513    i.OP_mul_dword      finsh_ops.o
    0x08002234   0x00000034   Code   RO         4514    i.OP_mul_word       finsh_ops.o
    0x08002268   0x00000002   Code   RO         4515    i.OP_no_op          finsh_ops.o
    0x0800226a   0x00000002   PAD
    0x0800226c   0x00000034   Code   RO         4516    i.OP_or_byte        finsh_ops.o
    0x080022a0   0x00000034   Code   RO         4517    i.OP_or_dword       finsh_ops.o
    0x080022d4   0x00000034   Code   RO         4518    i.OP_or_word        finsh_ops.o
    0x08002308   0x00000014   Code   RO         4519    i.OP_pop            finsh_ops.o
    0x0800231c   0x00000034   Code   RO         4520    i.OP_shl_byte       finsh_ops.o
    0x08002350   0x00000034   Code   RO         4521    i.OP_shl_dword      finsh_ops.o
    0x08002384   0x00000034   Code   RO         4522    i.OP_shl_word       finsh_ops.o
    0x080023b8   0x00000034   Code   RO         4523    i.OP_shr_byte       finsh_ops.o
    0x080023ec   0x00000034   Code   RO         4524    i.OP_shr_dword      finsh_ops.o
    0x08002420   0x00000034   Code   RO         4525    i.OP_shr_word       finsh_ops.o
    0x08002454   0x00000024   Code   RO         4526    i.OP_st_byte        finsh_ops.o
    0x08002478   0x00000024   Code   RO         4527    i.OP_st_dword       finsh_ops.o
    0x0800249c   0x00000024   Code   RO         4528    i.OP_st_word        finsh_ops.o
    0x080024c0   0x00000034   Code   RO         4529    i.OP_sub_byte       finsh_ops.o
    0x080024f4   0x00000034   Code   RO         4530    i.OP_sub_dword      finsh_ops.o
    0x08002528   0x00000034   Code   RO         4531    i.OP_sub_word       finsh_ops.o
    0x0800255c   0x00000034   Code   RO         4532    i.OP_xor_byte       finsh_ops.o
    0x08002590   0x00000034   Code   RO         4533    i.OP_xor_dword      finsh_ops.o
    0x080025c4   0x00000034   Code   RO         4534    i.OP_xor_word       finsh_ops.o
    0x080025f8   0x00000024   Code   RO          140    i.RCC_AHBPeriphClockCmd  stm32f10x_rcc.o
    0x0800261c   0x00000024   Code   RO          142    i.RCC_APB1PeriphResetCmd  stm32f10x_rcc.o
    0x08002640   0x00000024   Code   RO          143    i.RCC_APB2PeriphClockCmd  stm32f10x_rcc.o
    0x08002664   0x00000024   Code   RO          144    i.RCC_APB2PeriphResetCmd  stm32f10x_rcc.o
    0x08002688   0x00000016   Code   RO         6599    i.RCC_Configuration  usart.o
    0x0800269e   0x00000002   PAD
    0x080026a0   0x00000110   Code   RO          151    i.RCC_GetClocksFreq  stm32f10x_rcc.o
    0x080027b0   0x00000154   Code   RO         6268    i.SDEnWideBus       sdcard.o
    0x08002904   0x0000000c   Code   RO         2202    i.SDIO_ClearFlag    stm32f10x_sdio.o
    0x08002910   0x0000000c   Code   RO         2203    i.SDIO_ClearITPendingBit  stm32f10x_sdio.o
    0x0800291c   0x0000000c   Code   RO         2204    i.SDIO_ClockCmd     stm32f10x_sdio.o
    0x08002928   0x0000000c   Code   RO         2207    i.SDIO_DMACmd       stm32f10x_sdio.o
    0x08002934   0x00000040   Code   RO         2208    i.SDIO_DataConfig   stm32f10x_sdio.o
    0x08002974   0x00000028   Code   RO         2210    i.SDIO_DeInit       stm32f10x_sdio.o
    0x0800299c   0x0000000c   Code   RO         2211    i.SDIO_GetCommandResponse  stm32f10x_sdio.o
    0x080029a8   0x00000024   Code   RO         2214    i.SDIO_GetFlagStatus  stm32f10x_sdio.o
    0x080029cc   0x00000024   Code   RO         2215    i.SDIO_GetITStatus  stm32f10x_sdio.o
    0x080029f0   0x00000010   Code   RO         2216    i.SDIO_GetPowerState  stm32f10x_sdio.o
    0x08002a00   0x00000018   Code   RO         2217    i.SDIO_GetResponse  stm32f10x_sdio.o
    0x08002a18   0x00000010   Code   RO         6507    i.SDIO_IRQHandler   stm32f10x_it.o
    0x08002a28   0x00000024   Code   RO         2218    i.SDIO_ITConfig     stm32f10x_sdio.o
    0x08002a4c   0x00000048   Code   RO         2219    i.SDIO_Init         stm32f10x_sdio.o
    0x08002a94   0x0000000c   Code   RO         2220    i.SDIO_ReadData     stm32f10x_sdio.o
    0x08002aa0   0x00000040   Code   RO         2222    i.SDIO_SendCommand  stm32f10x_sdio.o
    0x08002ae0   0x0000001c   Code   RO         2224    i.SDIO_SetPowerState  stm32f10x_sdio.o
    0x08002afc   0x0000000c   Code   RO         2230    i.SDIO_WriteData    stm32f10x_sdio.o
    0x08002b08   0x000000b0   Code   RO         6269    i.SD_EnableWideBusOperation  sdcard.o
    0x08002bb8   0x000003b0   Code   RO         6271    i.SD_GetCardInfo    sdcard.o
    0x08002f68   0x00000064   Code   RO         6273    i.SD_Init           sdcard.o
    0x08002fcc   0x000001a8   Code   RO         6274    i.SD_InitializeCards  sdcard.o
    0x08003174   0x00000268   Code   RO         6276    i.SD_PowerON        sdcard.o
    0x080033dc   0x000002a0   Code   RO         6277    i.SD_ProcessIRQSrc  sdcard.o
    0x0800367c   0x000002cc   Code   RO         6278    i.SD_ReadBlock      sdcard.o
    0x08003948   0x00000370   Code   RO         6279    i.SD_ReadMultiBlocks  sdcard.o
    0x08003cb8   0x00000040   Code   RO         6280    i.SD_SelectDeselect  sdcard.o
    0x08003cf8   0x00000024   Code   RO         6283    i.SD_SetDeviceMode  sdcard.o
    0x08003d1c   0x00000040   Code   RO         6284    i.SD_StopTransfer   sdcard.o
    0x08003d5c   0x000003f8   Code   RO         6285    i.SD_WriteBlock     sdcard.o
    0x08004154   0x00000488   Code   RO         6286    i.SD_WriteMultiBlocks  sdcard.o
    0x080045dc   0x0000001a   Code   RO         1887    i.SPI_CalculateCRC  stm32f10x_spi.o
    0x080045f6   0x0000001a   Code   RO         1888    i.SPI_Cmd           stm32f10x_spi.o
    0x08004610   0x00000008   Code   RO         1892    i.SPI_I2S_ClearFlag  stm32f10x_spi.o
    0x08004618   0x0000001e   Code   RO         1894    i.SPI_I2S_DMACmd    stm32f10x_spi.o
    0x08004636   0x00000002   PAD
    0x08004638   0x00000058   Code   RO         1895    i.SPI_I2S_DeInit    stm32f10x_spi.o
    0x08004690   0x0000001e   Code   RO         1896    i.SPI_I2S_GetFlagStatus  stm32f10x_spi.o
    0x080046ae   0x00000006   Code   RO         1899    i.SPI_I2S_ReceiveData  stm32f10x_spi.o
    0x080046b4   0x00000004   Code   RO         1900    i.SPI_I2S_SendData  stm32f10x_spi.o
    0x080046b8   0x00000058   Code   RO         1901    i.SPI_Init          stm32f10x_spi.o
    0x08004710   0x00000002   Code   RO         6508    i.SVC_Handler       stm32f10x_it.o
    0x08004712   0x00000008   Code   RO         6563    i.SetSysClock       system_stm32f10x.o
    0x0800471a   0x00000002   PAD
    0x0800471c   0x000000dc   Code   RO         6564    i.SetSysClockTo72   system_stm32f10x.o
    0x080047f8   0x00000064   Code   RO         6566    i.SystemInit        system_stm32f10x.o
    0x0800485c   0x00000018   Code   RO         6509    i.USART1_IRQHandler  stm32f10x_it.o
    0x08004874   0x0000002e   Code   RO         2502    i.USART_ClearITPendingBit  stm32f10x_usart.o
    0x080048a2   0x00000036   Code   RO         2503    i.USART_ClockInit   stm32f10x_usart.o
    0x080048d8   0x0000001a   Code   RO         2505    i.USART_Cmd         stm32f10x_usart.o
    0x080048f2   0x00000080   Code   RO         2509    i.USART_GetITStatus  stm32f10x_usart.o
    0x08004972   0x00000066   Code   RO         2511    i.USART_ITConfig    stm32f10x_usart.o
    0x080049d8   0x0000011c   Code   RO         2512    i.USART_Init        stm32f10x_usart.o
    0x08004af4   0x00000004   Code   RO         6510    i.UsageFault_Handler  stm32f10x_it.o
    0x08004af8   0x0000008c   Code   RO         4103    i._list_device      cmd.o
    0x08004b84   0x000000a4   Code   RO         4104    i._list_event       cmd.o
    0x08004c28   0x000000f0   Code   RO         4105    i._list_mailbox     cmd.o
    0x08004d18   0x00000100   Code   RO         4106    i._list_mempool     cmd.o
    0x08004e18   0x000000dc   Code   RO         4107    i._list_msgqueue    cmd.o
    0x08004ef4   0x000000ac   Code   RO         4108    i._list_mutex       cmd.o
    0x08004fa0   0x000000d8   Code   RO         4109    i._list_sem         cmd.o
    0x08005078   0x00000108   Code   RO         4110    i._list_thread      cmd.o
    0x08005180   0x00000100   Code   RO         4111    i._list_timer       cmd.o
    0x08005280   0x000000f0   Code   RO         3810    i._rt_scheduler_stack_check  scheduler.o
    0x08005370   0x00000100   Code   RO         3889    i._rt_thread_init   thread.o
    0x08005470   0x00000034   Code   RO         4004    i._rt_timer_init    timer.o
    0x080054a4   0x000001d8   Code   RO         6208    i.all_device_reset  board.o
    0x0800567c   0x0000006c   Code   RO         5352    i.cat               dfs_file.o
    0x080056e8   0x0000005c   Code   RO         5766    i.check_fs          ff.o
    0x08005744   0x00000018   Code   RO         5767    i.chk_chr           ff.o
    0x0800575c   0x000002f4   Code   RO         5768    i.chk_mounted       ff.o
    0x08005a50   0x0000004c   Code   RO         5769    i.clmt_clust        ff.o
    0x08005a9c   0x00000044   Code   RO         5456    i.close             dfs_posix.o
    0x08005ae0   0x00000020   Code   RO         5770    i.clust2sect        ff.o
    0x08005b00   0x00000090   Code   RO         5771    i.cmp_lfn           ff.o
    0x08005b90   0x0000001e   Code   RO         6287    i.convert_from_bytes_to_power_of_two  sdcard.o
    0x08005bae   0x00000002   PAD
    0x08005bb0   0x000000d0   Code   RO         5353    i.copy              dfs_file.o
    0x08005c80   0x000000dc   Code   RO         5772    i.create_chain      ff.o
    0x08005d5c   0x000002e8   Code   RO         5773    i.create_name       ff.o
    0x08006044   0x0000001c   Code   RO         6209    i.delay             board.o
    0x08006060   0x0000004c   Code   RO         5271    i.df                dfs_fs.o
    0x080060ac   0x000000c4   Code   RO         5583    i.dfs_elm_close     dfs_elm.o
    0x08006170   0x00000070   Code   RO         5584    i.dfs_elm_flush     dfs_elm.o
    0x080061e0   0x0000013c   Code   RO         5585    i.dfs_elm_getdents  dfs_elm.o
    0x0800631c   0x00000008   Code   RO         5586    i.dfs_elm_ioctl     dfs_elm.o
    0x08006324   0x0000007c   Code   RO         5587    i.dfs_elm_lseek     dfs_elm.o
    0x080063a0   0x00000090   Code   RO         5588    i.dfs_elm_mkfs      dfs_elm.o
    0x08006430   0x00000074   Code   RO         5589    i.dfs_elm_mount     dfs_elm.o
    0x080064a4   0x0000015c   Code   RO         5590    i.dfs_elm_open      dfs_elm.o
    0x08006600   0x00000090   Code   RO         5591    i.dfs_elm_read      dfs_elm.o
    0x08006690   0x00000094   Code   RO         5592    i.dfs_elm_rename    dfs_elm.o
    0x08006724   0x000000d0   Code   RO         5593    i.dfs_elm_stat      dfs_elm.o
    0x080067f4   0x000000e8   Code   RO         5594    i.dfs_elm_statfs    dfs_elm.o
    0x080068dc   0x00000060   Code   RO         5595    i.dfs_elm_unlink    dfs_elm.o
    0x0800693c   0x000000a8   Code   RO         5596    i.dfs_elm_unmount   dfs_elm.o
    0x080069e4   0x00000094   Code   RO         5597    i.dfs_elm_write     dfs_elm.o
    0x08006a78   0x00000040   Code   RO         5354    i.dfs_file_close    dfs_file.o
    0x08006ab8   0x00000038   Code   RO         5356    i.dfs_file_getdents  dfs_file.o
    0x08006af0   0x0000003a   Code   RO         5358    i.dfs_file_lseek    dfs_file.o
    0x08006b2a   0x00000002   PAD
    0x08006b2c   0x000000e0   Code   RO         5359    i.dfs_file_open     dfs_file.o
    0x08006c0c   0x00000048   Code   RO         5360    i.dfs_file_read     dfs_file.o
    0x08006c54   0x000000b0   Code   RO         5362    i.dfs_file_stat     dfs_file.o
    0x08006d04   0x00000094   Code   RO         5363    i.dfs_file_unlink   dfs_file.o
    0x08006d98   0x00000032   Code   RO         5364    i.dfs_file_write    dfs_file.o
    0x08006dca   0x00000002   PAD
    0x08006dcc   0x0000019c   Code   RO         5272    i.dfs_filesystem_get_partition  dfs_fs.o
    0x08006f68   0x00000094   Code   RO         5273    i.dfs_filesystem_lookup  dfs_fs.o
    0x08006ffc   0x00000048   Code   RO         5190    i.dfs_init          dfs.o
    0x08007044   0x0000005c   Code   RO         5191    i.dfs_lock          dfs.o
    0x080070a0   0x00000068   Code   RO         5274    i.dfs_mkfs          dfs_fs.o
    0x08007108   0x000001f8   Code   RO         5275    i.dfs_mount         dfs_fs.o
    0x08007300   0x0000020c   Code   RO         5192    i.dfs_normalize_path  dfs.o
    0x0800750c   0x00000080   Code   RO         5276    i.dfs_register      dfs_fs.o
    0x0800758c   0x0000002a   Code   RO         5277    i.dfs_statfs        dfs_fs.o
    0x080075b6   0x0000003e   Code   RO         5193    i.dfs_subdir        dfs.o
    0x080075f4   0x00000010   Code   RO         5194    i.dfs_unlock        dfs.o
    0x08007604   0x000000fc   Code   RO         5774    i.dir_find          ff.o
    0x08007700   0x00000180   Code   RO         5775    i.dir_next          ff.o
    0x08007880   0x000000e0   Code   RO         5776    i.dir_read          ff.o
    0x08007960   0x000001c8   Code   RO         5777    i.dir_register      ff.o
    0x08007b28   0x0000006e   Code   RO         5778    i.dir_remove        ff.o
    0x08007b96   0x00000100   Code   RO         5779    i.dir_sdi           ff.o
    0x08007c96   0x00000008   Code   RO         5598    i.disk_initialize   dfs_elm.o
    0x08007c9e   0x00000002   PAD
    0x08007ca0   0x00000088   Code   RO         5599    i.disk_ioctl        dfs_elm.o
    0x08007d28   0x00000034   Code   RO         5600    i.disk_read         dfs_elm.o
    0x08007d5c   0x00000008   Code   RO         5601    i.disk_status       dfs_elm.o
    0x08007d64   0x00000034   Code   RO         5602    i.disk_write        dfs_elm.o
    0x08007d98   0x0000002c   Code   RO         5780    i.elm_get_vol       ff.o
    0x08007dc4   0x00000010   Code   RO         5603    i.elm_init          dfs_elm.o
    0x08007dd4   0x0000006a   Code   RO         5604    i.elm_result_to_dfs  dfs_elm.o
    0x08007e3e   0x00000018   Code   RO         5782    i.f_close           ff.o
    0x08007e56   0x00000130   Code   RO         5783    i.f_getfree         ff.o
    0x08007f86   0x00000418   Code   RO         5784    i.f_lseek           ff.o
    0x0800839e   0x0000019a   Code   RO         5785    i.f_mkdir           ff.o
    0x08008538   0x00000584   Code   RO         5786    i.f_mkfs            ff.o
    0x08008abc   0x00000050   Code   RO         5787    i.f_mount           ff.o
    0x08008b0c   0x0000015c   Code   RO         5788    i.f_open            ff.o
    0x08008c68   0x0000007e   Code   RO         5789    i.f_opendir         ff.o
    0x08008ce6   0x000002b4   Code   RO         5790    i.f_read            ff.o
    0x08008f9a   0x00000076   Code   RO         5791    i.f_readdir         ff.o
    0x08009010   0x0000013c   Code   RO         5792    i.f_rename          ff.o
    0x0800914c   0x00000052   Code   RO         5793    i.f_stat            ff.o
    0x0800919e   0x000000b2   Code   RO         5794    i.f_sync            ff.o
    0x08009250   0x000000d0   Code   RO         5796    i.f_unlink          ff.o
    0x08009320   0x000002f6   Code   RO         5798    i.f_write           ff.o
    0x08009616   0x00000002   PAD
    0x08009618   0x00000030   Code   RO         5195    i.fd_get            dfs.o
    0x08009648   0x000000a4   Code   RO         5196    i.fd_is_open        dfs.o
    0x080096ec   0x0000004c   Code   RO         5197    i.fd_new            dfs.o
    0x08009738   0x00000024   Code   RO         5198    i.fd_put            dfs.o
    0x0800975c   0x00000050   Code   RO         6631    i.ff_convert        utils.o
    0x080097ac   0x000000d4   Code   RO         6632    i.ff_convert_init   utils.o
    0x08009880   0x00000034   Code   RO         5605    i.ff_cre_syncobj    dfs_elm.o
    0x080098b4   0x0000000e   Code   RO         5606    i.ff_del_syncobj    dfs_elm.o
    0x080098c2   0x0000000c   Code   RO         5607    i.ff_rel_grant      dfs_elm.o
    0x080098ce   0x00000018   Code   RO         5608    i.ff_req_grant      dfs_elm.o
    0x080098e6   0x00000002   PAD
    0x080098e8   0x00000040   Code   RO         6633    i.ff_wtoupper       utils.o
    0x08009928   0x00000030   Code   RO         5073    i.finsh_auto_complete  shell.o
    0x08009958   0x00000042   Code   RO         4341    i.finsh_block_insert  finsh_heap.o
    0x0800999a   0x00000088   Code   RO         4342    i.finsh_block_merge  finsh_heap.o
    0x08009a22   0x00000036   Code   RO         4343    i.finsh_block_remove  finsh_heap.o
    0x08009a58   0x0000001e   Code   RO         4344    i.finsh_block_split  finsh_heap.o
    0x08009a76   0x00000002   PAD
    0x08009a78   0x0000197c   Code   RO         4260    i.finsh_compile     finsh_compiler.o
    0x0800b3f4   0x00000074   Code   RO         4261    i.finsh_compiler_run  finsh_compiler.o
    0x0800b468   0x0000000c   Code   RO         4307    i.finsh_errno       finsh_error.o
    0x0800b474   0x00000010   Code   RO         4308    i.finsh_error_init  finsh_error.o
    0x0800b484   0x00000010   Code   RO         4309    i.finsh_error_set   finsh_error.o
    0x0800b494   0x00000010   Code   RO         4310    i.finsh_error_string  finsh_error.o
    0x0800b4a4   0x00000016   Code   RO         4394    i.finsh_flush       finsh_init.o
    0x0800b4ba   0x00000002   PAD
    0x0800b4bc   0x0000006c   Code   RO         5074    i.finsh_get_device  shell.o
    0x0800b528   0x00000154   Code   RO         5076    i.finsh_handle_history  shell.o
    0x0800b67c   0x00000080   Code   RO         4345    i.finsh_heap_allocate  finsh_heap.o
    0x0800b6fc   0x0000002c   Code   RO         4346    i.finsh_heap_free   finsh_heap.o
    0x0800b728   0x00000068   Code   RO         4347    i.finsh_heap_gc     finsh_heap.o
    0x0800b790   0x00000034   Code   RO         4348    i.finsh_heap_init   finsh_heap.o
    0x0800b7c4   0x0000001e   Code   RO         4395    i.finsh_init        finsh_init.o
    0x0800b7e2   0x00000002   PAD
    0x0800b7e4   0x00000044   Code   RO         4430    i.finsh_node_allocate  finsh_node.o
    0x0800b828   0x00000014   Code   RO         4431    i.finsh_node_init   finsh_node.o
    0x0800b83c   0x00000020   Code   RO         4432    i.finsh_node_new_char  finsh_node.o
    0x0800b85c   0x00000086   Code   RO         4433    i.finsh_node_new_id  finsh_node.o
    0x0800b8e2   0x00000020   Code   RO         4434    i.finsh_node_new_int  finsh_node.o
    0x0800b902   0x00000020   Code   RO         4435    i.finsh_node_new_long  finsh_node.o
    0x0800b922   0x00000020   Code   RO         4436    i.finsh_node_new_ptr  finsh_node.o
    0x0800b942   0x00000050   Code   RO         4437    i.finsh_node_new_string  finsh_node.o
    0x0800b992   0x00000012   Code   RO         4787    i.finsh_parser_init  finsh_parser.o
    0x0800b9a4   0x000000e6   Code   RO         4788    i.finsh_parser_run  finsh_parser.o
    0x0800ba8a   0x000000d0   Code   RO         5077    i.finsh_push_history  shell.o
    0x0800bb5a   0x00000002   PAD
    0x0800bb5c   0x000000c8   Code   RO         5078    i.finsh_run_line    shell.o
    0x0800bc24   0x00000070   Code   RO         5079    i.finsh_rx_ind      shell.o
    0x0800bc94   0x00000088   Code   RO         7107    i.finsh_rz          zstart.o
    0x0800bd1c   0x000000d4   Code   RO         5080    i.finsh_set_device  shell.o
    0x0800bdf0   0x0000000c   Code   RO         4397    i.finsh_stack_bottom  finsh_init.o
    0x0800bdfc   0x00000068   Code   RO         5035    i.finsh_syscall_lookup  finsh_vm.o
    0x0800be64   0x00000014   Code   RO         5082    i.finsh_system_function_init  shell.o
    0x0800be78   0x000000bc   Code   RO         5083    i.finsh_system_init  shell.o
    0x0800bf34   0x00000014   Code   RO         5084    i.finsh_system_var_init  shell.o
    0x0800bf48   0x00000068   Code   RO         4982    i.finsh_sysvar_lookup  finsh_var.o
    0x0800bfb0   0x0000008c   Code   RO         7108    i.finsh_sz          zstart.o
    0x0800c03c   0x00000254   Code   RO         5085    i.finsh_thread_entry  shell.o
    0x0800c290   0x00000016   Code   RO         4899    i.finsh_token_init  finsh_token.o
    0x0800c2a6   0x0000001a   Code   RO         4900    i.finsh_token_token  finsh_token.o
    0x0800c2c0   0x00000184   Code   RO         4262    i.finsh_type_check  finsh_compiler.o
    0x0800c444   0x00000014   Code   RO         4984    i.finsh_var_init    finsh_var.o
    0x0800c458   0x00000084   Code   RO         4985    i.finsh_var_insert  finsh_var.o
    0x0800c4dc   0x00000048   Code   RO         4986    i.finsh_var_lookup  finsh_var.o
    0x0800c524   0x00000058   Code   RO         5036    i.finsh_vm_run      finsh_vm.o
    0x0800c57c   0x00000074   Code   RO         5799    i.fit_lfn           ff.o
    0x0800c5f0   0x000000a0   Code   RO         5800    i.follow_path       ff.o
    0x0800c690   0x0000005e   Code   RO         5458    i.fstat             dfs_posix.o
    0x0800c6ee   0x000000f4   Code   RO         5801    i.gen_numname       ff.o
    0x0800c7e2   0x00000002   PAD
    0x0800c7e4   0x0000000c   Code   RO         7151    i.get_device_baud   zdevice.o
    0x0800c7f0   0x00000120   Code   RO         5802    i.get_fat           ff.o
    0x0800c910   0x00000004   Code   RO         5609    i.get_fattime       dfs_elm.o
    0x0800c914   0x0000016a   Code   RO         5803    i.get_fileinfo      ff.o
    0x0800ca7e   0x00000002   PAD
    0x0800ca80   0x00000020   Code   RO         4112    i.hello             cmd.o
    0x0800caa0   0x000000e4   Code   RO         4113    i.list              cmd.o
    0x0800cb84   0x00000010   Code   RO         4114    i.list_device       cmd.o
    0x0800cb94   0x00000010   Code   RO         4115    i.list_event        cmd.o
    0x0800cba4   0x00000010   Code   RO         4116    i.list_mailbox      cmd.o
    0x0800cbb4   0x00000078   Code   RO         3534    i.list_mem          mem.o
    0x0800cc2c   0x00000010   Code   RO         4117    i.list_mempool      cmd.o
    0x0800cc3c   0x00000010   Code   RO         4118    i.list_msgqueue     cmd.o
    0x0800cc4c   0x00000010   Code   RO         4119    i.list_mutex        cmd.o
    0x0800cc5c   0x00000180   Code   RO         4120    i.list_prefix       cmd.o
    0x0800cddc   0x00000010   Code   RO         4121    i.list_sem          cmd.o
    0x0800cdec   0x00000010   Code   RO         4122    i.list_thread       cmd.o
    0x0800cdfc   0x00000010   Code   RO         4123    i.list_timer        cmd.o
    0x0800ce0c   0x0000000e   Code   RO         5804    i.lock_fs           ff.o
    0x0800ce1a   0x00000002   PAD
    0x0800ce1c   0x00000138   Code   RO         5365    i.ls                dfs_file.o
    0x0800cf54   0x0000006e   Code   RO         5460    i.lseek             dfs_posix.o
    0x0800cfc2   0x00000010   Code   RO         6483    i.main              startup.o
    0x0800cfd2   0x00000026   Code   RO         4789    i.make_sys_node     finsh_parser.o
    0x0800cff8   0x00000036   Code   RO         5805    i.mem_cmp           ff.o
    0x0800d02e   0x00000044   Code   RO         5806    i.mem_cpy           ff.o
    0x0800d072   0x0000001a   Code   RO         5807    i.mem_set           ff.o
    0x0800d08c   0x00000068   Code   RO         5461    i.mkdir             dfs_posix.o
    0x0800d0f4   0x00000010   Code   RO         5279    i.mkfs              dfs_fs.o
    0x0800d104   0x00000086   Code   RO         5808    i.move_window       ff.o
    0x0800d18a   0x00000056   Code   RO         5462    i.open              dfs_posix.o
    0x0800d1e0   0x0000007c   Code   RO         5809    i.pick_lfn          ff.o
    0x0800d25c   0x00000170   Code   RO         3535    i.plug_holes        mem.o
    0x0800d3cc   0x0000003c   Code   RO         6704    i.port_init         sst25vfxx.o
    0x0800d408   0x0000017c   Code   RO         3393    i.print_number      kservice.o
    0x0800d584   0x00000076   Code   RO         4790    i.proc_additive_expr  finsh_parser.o
    0x0800d5fa   0x00000050   Code   RO         4791    i.proc_and_expr     finsh_parser.o
    0x0800d64a   0x0000003e   Code   RO         4792    i.proc_assign_expr  finsh_parser.o
    0x0800d688   0x00000056   Code   RO         4793    i.proc_cast_expr    finsh_parser.o
    0x0800d6de   0x00000050   Code   RO         4794    i.proc_exclusive_or_expr  finsh_parser.o
    0x0800d72e   0x0000000c   Code   RO         4795    i.proc_expr         finsh_parser.o
    0x0800d73a   0x00000044   Code   RO         4796    i.proc_expr_statement  finsh_parser.o
    0x0800d77e   0x00000030   Code   RO         4797    i.proc_identifier   finsh_parser.o
    0x0800d7ae   0x00000050   Code   RO         4798    i.proc_inclusive_or_expr  finsh_parser.o
    0x0800d7fe   0x0000008e   Code   RO         4799    i.proc_multiplicative_expr  finsh_parser.o
    0x0800d88c   0x00000052   Code   RO         4800    i.proc_param_list   finsh_parser.o
    0x0800d8de   0x000000b2   Code   RO         4801    i.proc_postfix_expr  finsh_parser.o
    0x0800d990   0x000000ac   Code   RO         4802    i.proc_primary_expr  finsh_parser.o
    0x0800da3c   0x00000078   Code   RO         4803    i.proc_shift_expr   finsh_parser.o
    0x0800dab4   0x00000146   Code   RO         4804    i.proc_type         finsh_parser.o
    0x0800dbfa   0x000000da   Code   RO         4805    i.proc_unary_expr   finsh_parser.o
    0x0800dcd4   0x000001ea   Code   RO         4806    i.proc_variable_decl  finsh_parser.o
    0x0800debe   0x0000016c   Code   RO         5810    i.put_fat           ff.o
    0x0800e02a   0x00000050   Code   RO         5464    i.read              dfs_posix.o
    0x0800e07a   0x00000078   Code   RO         5811    i.remove_chain      ff.o
    0x0800e0f2   0x00000002   PAD
    0x0800e0f4   0x0000002c   Code   RO         5366    i.rm                dfs_file.o
    0x0800e120   0x00000030   Code   RO         6179    i.rt_application_init  application.o
    0x0800e150   0x00000038   Code   RO         3394    i.rt_console_set_device  kservice.o
    0x0800e188   0x0000007c   Code   RO         2982    i.rt_device_close   device.o
    0x0800e204   0x00000074   Code   RO         2983    i.rt_device_control  device.o
    0x0800e278   0x00000058   Code   RO         2984    i.rt_device_find    device.o
    0x0800e2d0   0x00000090   Code   RO         2986    i.rt_device_init_all  device.o
    0x0800e360   0x00000100   Code   RO         2987    i.rt_device_open    device.o
    0x0800e460   0x00000080   Code   RO         2988    i.rt_device_read    device.o
    0x0800e4e0   0x00000020   Code   RO         2989    i.rt_device_register  device.o
    0x0800e500   0x00000060   Code   RO         2990    i.rt_device_set_rx_indicate  device.o
    0x0800e560   0x00000080   Code   RO         2993    i.rt_device_write   device.o
    0x0800e5e0   0x00000024   Code   RO         3811    i.rt_enter_critical  scheduler.o
    0x0800e604   0x00000040   Code   RO         3812    i.rt_exit_critical  scheduler.o
    0x0800e644   0x00000164   Code   RO         3537    i.rt_free           mem.o
    0x0800e7a8   0x0000018c   Code   RO         6210    i.rt_hw_board_init  board.o
    0x0800e934   0x00000002   Code   RO         3396    i.rt_hw_console_output  kservice.o
    0x0800e936   0x00000002   PAD
    0x0800e938   0x00000104   Code   RO         6067    i.rt_hw_hard_fault_exception  fault.o
    0x0800ea3c   0x0000013c   Code   RO         6288    i.rt_hw_sdcard_init  sdcard.o
    0x0800eb78   0x00000178   Code   RO         6090    i.rt_hw_serial_isr  serial.o
    0x0800ecf0   0x000000e4   Code   RO         6091    i.rt_hw_serial_register  serial.o
    0x0800edd4   0x0000001c   Code   RO         6211    i.rt_hw_spi1_baud_rate  board.o
    0x0800edf0   0x00000008   Code   RO         6685    i.rt_hw_spi_flash_init  spi_flash.o
    0x0800edf8   0x0000008a   Code   RO         6152    i.rt_hw_stack_init  stack.o
    0x0800ee82   0x00000010   Code   RO         6212    i.rt_hw_timer_handler  board.o
    0x0800ee92   0x00000002   PAD
    0x0800ee94   0x00000090   Code   RO         6600    i.rt_hw_usart_init  usart.o
    0x0800ef24   0x00000080   Code   RO         6180    i.rt_init_thread_entry  application.o
    0x0800efa4   0x00000020   Code   RO         3372    i.rt_interrupt_enter  irq.o
    0x0800efc4   0x00000020   Code   RO         3373    i.rt_interrupt_leave  irq.o
    0x0800efe4   0x00000012   Code   RO         3116    i.rt_ipc_object_init  ipc.o
    0x0800eff6   0x0000001a   Code   RO         3117    i.rt_ipc_object_resume  ipc.o
    0x0800f010   0x00000038   Code   RO         3118    i.rt_ipc_object_resume_all  ipc.o
    0x0800f048   0x00000076   Code   RO         3119    i.rt_ipc_object_suspend  ipc.o
    0x0800f0be   0x00000002   PAD
    0x0800f0c0   0x00000048   Code   RO         3397    i.rt_kprintf        kservice.o
    0x0800f108   0x00000006   Code   RO         3619    i.rt_list_init      mempool.o
    0x0800f10e   0x00000006   Code   RO         3813    i.rt_list_init      scheduler.o
    0x0800f114   0x00000006   Code   RO         4005    i.rt_list_init      timer.o
    0x0800f11a   0x0000000e   Code   RO         3701    i.rt_list_insert_after  object.o
    0x0800f128   0x0000000e   Code   RO         3890    i.rt_list_insert_after  thread.o
    0x0800f136   0x0000000e   Code   RO         3120    i.rt_list_insert_before  ipc.o
    0x0800f144   0x0000000e   Code   RO         4006    i.rt_list_insert_before  timer.o
    0x0800f152   0x00000010   Code   RO         3065    i.rt_list_isempty   idle.o
    0x0800f162   0x00000010   Code   RO         3121    i.rt_list_isempty   ipc.o
    0x0800f172   0x00000010   Code   RO         4124    i.rt_list_isempty   cmd.o
    0x0800f182   0x0000001e   Code   RO         4125    i.rt_list_len       cmd.o
    0x0800f1a0   0x00000012   Code   RO         3702    i.rt_list_remove    object.o
    0x0800f1b2   0x00000012   Code   RO         3891    i.rt_list_remove    thread.o
    0x0800f1c4   0x00000012   Code   RO         4007    i.rt_list_remove    timer.o
    0x0800f1d6   0x00000002   PAD
    0x0800f1d8   0x000002c4   Code   RO         3539    i.rt_malloc         mem.o
    0x0800f49c   0x000000ca   Code   RO         3399    i.rt_memcpy         kservice.o
    0x0800f566   0x0000007a   Code   RO         3401    i.rt_memset         kservice.o
    0x0800f5e0   0x000000bc   Code   RO         3621    i.rt_mp_alloc       mempool.o
    0x0800f69c   0x000000dc   Code   RO         3628    i.rt_mp_init        mempool.o
    0x0800f778   0x0000003c   Code   RO         3138    i.rt_mutex_create   ipc.o
    0x0800f7b4   0x0000006c   Code   RO         3139    i.rt_mutex_delete   ipc.o
    0x0800f820   0x00000090   Code   RO         3141    i.rt_mutex_init     ipc.o
    0x0800f8b0   0x000000c4   Code   RO         3142    i.rt_mutex_release  ipc.o
    0x0800f974   0x0000013c   Code   RO         3143    i.rt_mutex_take     ipc.o
    0x0800fab0   0x00000070   Code   RO         3703    i.rt_object_allocate  object.o
    0x0800fb20   0x000000d8   Code   RO         3705    i.rt_object_delete  object.o
    0x0800fbf8   0x00000084   Code   RO         3706    i.rt_object_detach  object.o
    0x0800fc7c   0x00000060   Code   RO         3709    i.rt_object_init    object.o
    0x0800fcdc   0x0000006c   Code   RO         3710    i.rt_object_is_systemobject  object.o
    0x0800fd48   0x000000f4   Code   RO         3814    i.rt_schedule       scheduler.o
    0x0800fe3c   0x000000a4   Code   RO         3815    i.rt_schedule_insert_thread  scheduler.o
    0x0800fee0   0x000000b0   Code   RO         3816    i.rt_schedule_remove_thread  scheduler.o
    0x0800ff90   0x00000008   Code   RO         6289    i.rt_sdcard_close   sdcard.o
    0x0800ff98   0x000000ac   Code   RO         6290    i.rt_sdcard_control  sdcard.o
    0x08010044   0x0000006c   Code   RO         6291    i.rt_sdcard_init    sdcard.o
    0x080100b0   0x00000008   Code   RO         6292    i.rt_sdcard_open    sdcard.o
    0x080100b8   0x00000110   Code   RO         6293    i.rt_sdcard_read    sdcard.o
    0x080101c8   0x000000f8   Code   RO         6294    i.rt_sdcard_write   sdcard.o
    0x080102c0   0x0000007c   Code   RO         3148    i.rt_sem_init       ipc.o
    0x0801033c   0x00000054   Code   RO         3149    i.rt_sem_release    ipc.o
    0x08010390   0x000000f0   Code   RO         3150    i.rt_sem_take       ipc.o
    0x08010480   0x00000008   Code   RO         6092    i.rt_serial_close   serial.o
    0x08010488   0x0000009c   Code   RO         6093    i.rt_serial_control  serial.o
    0x08010524   0x0000007c   Code   RO         6094    i.rt_serial_enable_dma  serial.o
    0x080105a0   0x000000f4   Code   RO         6095    i.rt_serial_init    serial.o
    0x08010694   0x00000008   Code   RO         6096    i.rt_serial_open    serial.o
    0x0801069c   0x000000c2   Code   RO         6097    i.rt_serial_read    serial.o
    0x0801075e   0x00000002   PAD
    0x08010760   0x0000015c   Code   RO         6098    i.rt_serial_write   serial.o
    0x080108bc   0x0000001c   Code   RO         3402    i.rt_set_errno      kservice.o
    0x080108d8   0x000000a8   Code   RO         3403    i.rt_show_version   kservice.o
    0x08010980   0x00000028   Code   RO         3404    i.rt_snprintf       kservice.o
    0x080109a8   0x00000024   Code   RO         3405    i.rt_sprintf        kservice.o
    0x080109cc   0x0000002c   Code   RO         3408    i.rt_strdup         kservice.o
    0x080109f8   0x00000016   Code   RO         3409    i.rt_strlen         kservice.o
    0x08010a0e   0x00000038   Code   RO         3410    i.rt_strncmp        kservice.o
    0x08010a46   0x00000024   Code   RO         3411    i.rt_strncpy        kservice.o
    0x08010a6a   0x00000002   PAD
    0x08010a6c   0x00000110   Code   RO         3543    i.rt_system_heap_init  mem.o
    0x08010b7c   0x00000002   Code   RO         3714    i.rt_system_object_init  object.o
    0x08010b7e   0x00000002   PAD
    0x08010b80   0x00000058   Code   RO         3818    i.rt_system_scheduler_init  scheduler.o
    0x08010bd8   0x00000090   Code   RO         3819    i.rt_system_scheduler_start  scheduler.o
    0x08010c68   0x00000010   Code   RO         2938    i.rt_system_tick_init  clock.o
    0x08010c78   0x00000010   Code   RO         4008    i.rt_system_timer_init  timer.o
    0x08010c88   0x000000d0   Code   RO         3892    i.rt_thread_control  thread.o
    0x08010d58   0x00000052   Code   RO         3893    i.rt_thread_create  thread.o
    0x08010daa   0x0000000c   Code   RO         3894    i.rt_thread_delay   thread.o
    0x08010db6   0x00000002   PAD
    0x08010db8   0x00000090   Code   RO         3895    i.rt_thread_delete  thread.o
    0x08010e48   0x00000064   Code   RO         3897    i.rt_thread_exit    thread.o
    0x08010eac   0x00000018   Code   RO         3066    i.rt_thread_idle_entry  idle.o
    0x08010ec4   0x00000080   Code   RO         3067    i.rt_thread_idle_excute  idle.o
    0x08010f44   0x0000003c   Code   RO         3068    i.rt_thread_idle_init  idle.o
    0x08010f80   0x000000c4   Code   RO         3899    i.rt_thread_init    thread.o
    0x08011044   0x000000a0   Code   RO         3900    i.rt_thread_resume  thread.o
    0x080110e4   0x0000000c   Code   RO         3901    i.rt_thread_self    thread.o
    0x080110f0   0x00000098   Code   RO         3902    i.rt_thread_sleep   thread.o
    0x08011188   0x000000c4   Code   RO         3903    i.rt_thread_startup  thread.o
    0x0801124c   0x00000088   Code   RO         3904    i.rt_thread_suspend  thread.o
    0x080112d4   0x000000c0   Code   RO         3905    i.rt_thread_timeout  thread.o
    0x08011394   0x00000064   Code   RO         3906    i.rt_thread_yield   thread.o
    0x080113f8   0x0000000c   Code   RO         2940    i.rt_tick_get       clock.o
    0x08011404   0x00000034   Code   RO         2941    i.rt_tick_increase  clock.o
    0x08011438   0x000000a4   Code   RO         4010    i.rt_timer_check    timer.o
    0x080114dc   0x00000098   Code   RO         4011    i.rt_timer_control  timer.o
    0x08011574   0x00000078   Code   RO         4014    i.rt_timer_detach   timer.o
    0x080115ec   0x00000088   Code   RO         4015    i.rt_timer_init     timer.o
    0x08011674   0x00000134   Code   RO         4016    i.rt_timer_start    timer.o
    0x080117a8   0x00000016   Code   RO         3413    i.rt_vsprintf       kservice.o
    0x080117be   0x00000002   PAD
    0x080117c0   0x00000058   Code   RO         6484    i.rtthread_startup  startup.o
    0x08011818   0x00000070   Code   RO         7109    i.rz                zstart.o
    0x08011888   0x00000038   Code   RO         4126    i.show_wait_queue   cmd.o
    0x080118c0   0x0000003c   Code   RO         6705    i.spi_readwrite     sst25vfxx.o
    0x080118fc   0x00000008   Code   RO         6706    i.sst25vfxx_flash_close  sst25vfxx.o
    0x08011904   0x00000084   Code   RO         6707    i.sst25vfxx_flash_control  sst25vfxx.o
    0x08011988   0x00000008   Code   RO         6708    i.sst25vfxx_flash_init  sst25vfxx.o
    0x08011990   0x00000008   Code   RO         6709    i.sst25vfxx_flash_open  sst25vfxx.o
    0x08011998   0x00000024   Code   RO         6710    i.sst25vfxx_flash_read  sst25vfxx.o
    0x080119bc   0x00000024   Code   RO         6711    i.sst25vfxx_flash_write  sst25vfxx.o
    0x080119e0   0x00000134   Code   RO         6712    i.sst25vfxx_init    sst25vfxx.o
    0x08011b14   0x00000150   Code   RO         6713    i.sst25vfxx_page_write  sst25vfxx.o
    0x08011c64   0x000000d4   Code   RO         6714    i.sst25vfxx_read    sst25vfxx.o
    0x08011d38   0x0000002c   Code   RO         6715    i.sst25vfxx_read_status  sst25vfxx.o
    0x08011d64   0x00000010   Code   RO         6716    i.sst25vfxx_wait_busy  sst25vfxx.o
    0x08011d74   0x0000002a   Code   RO         4127    i.str_is_prefix     cmd.o
    0x08011d9e   0x00000024   Code   RO         5086    i.strcmp            shell.o
    0x08011dc2   0x00000034   Code   RO         5812    i.sum_sfn           ff.o
    0x08011df6   0x00000002   PAD
    0x08011df8   0x00000088   Code   RO         5813    i.sync              ff.o
    0x08011e80   0x00000070   Code   RO         7110    i.sz                zstart.o
    0x08011ef0   0x00000082   Code   RO         4901    i.token_get_string  finsh_token.o
    0x08011f72   0x00000002   PAD
    0x08011f74   0x00000040   Code   RO         4902    i.token_match_name  finsh_token.o
    0x08011fb4   0x00000044   Code   RO         4903    i.token_next_char   finsh_token.o
    0x08011ff8   0x00000018   Code   RO         4904    i.token_prev_char   finsh_token.o
    0x08012010   0x000000c6   Code   RO         4905    i.token_proc_char   finsh_token.o
    0x080120d6   0x000000da   Code   RO         4906    i.token_proc_escape  finsh_token.o
    0x080121b0   0x00000136   Code   RO         4907    i.token_proc_number  finsh_token.o
    0x080122e6   0x0000005a   Code   RO         4908    i.token_proc_string  finsh_token.o
    0x08012340   0x000001b8   Code   RO         4909    i.token_run         finsh_token.o
    0x080124f8   0x000000c8   Code   RO         4910    i.token_spec_number  finsh_token.o
    0x080125c0   0x0000001e   Code   RO         4911    i.token_trim_space  finsh_token.o
    0x080125de   0x00000020   Code   RO         5473    i.unlink            dfs_posix.o
    0x080125fe   0x00000020   Code   RO         5814    i.unlock_fs         ff.o
    0x0801261e   0x00000038   Code   RO         5815    i.validate          ff.o
    0x08012656   0x0000000a   Code   RO         4128    i.version           cmd.o
    0x08012660   0x0000036c   Code   RO         3414    i.vsnprintf         kservice.o
    0x080129cc   0x00000050   Code   RO         5474    i.write             dfs_posix.o
    0x08012a1c   0x00000018   Code   RO         6880    i.zfill_buffer      sz.o
    0x08012a34   0x000000f0   Code   RO         6986    i.zget_bin_fcs      zcore.o
    0x08012b24   0x000000dc   Code   RO         6987    i.zget_bin_header   zcore.o
    0x08012c00   0x0000004c   Code   RO         6988    i.zget_data         zcore.o
    0x08012c4c   0x000001dc   Code   RO         6937    i.zget_file_info    rz.o
    0x08012e28   0x000001b4   Code   RO         6989    i.zget_header       zcore.o
    0x08012fdc   0x00000064   Code   RO         6990    i.zget_hex          zcore.o
    0x08013040   0x000000fc   Code   RO         6991    i.zget_hex_header   zcore.o
    0x0801313c   0x00000044   Code   RO         6992    i.zget_pos          zcore.o
    0x08013180   0x00000088   Code   RO         6881    i.zget_sync         sz.o
    0x08013208   0x0000008c   Code   RO         6993    i.zinit_parameter   zcore.o
    0x08013294   0x00000014   Code   RO         7111    i.zmodem_rx_ind     zstart.o
    0x080132a8   0x0000001c   Code   RO         6994    i.zput_pos          zcore.o
    0x080132c4   0x00000188   Code   RO         6938    i.zr_start          rz.o
    0x0801344c   0x000000fe   Code   RO         6995    i.zread_byte        zcore.o
    0x0801354a   0x00000002   PAD
    0x0801354c   0x00000090   Code   RO         7153    i.zread_line        zdevice.o
    0x080135dc   0x00000054   Code   RO         6939    i.zrec_ack_bibi     rz.o
    0x08013630   0x00000150   Code   RO         6996    i.zrec_data16       zcore.o
    0x08013780   0x00000138   Code   RO         6997    i.zrec_data32       zcore.o
    0x080138b8   0x000001d8   Code   RO         6998    i.zrec_data32r      zcore.o
    0x08013a90   0x00000144   Code   RO         6940    i.zrec_file         rz.o
    0x08013bd4   0x00000114   Code   RO         6941    i.zrec_file_data    rz.o
    0x08013ce8   0x000000c8   Code   RO         6942    i.zrec_files        rz.o
    0x08013db0   0x0000011c   Code   RO         6943    i.zrec_init         rz.o
    0x08013ecc   0x0000010c   Code   RO         6882    i.zs_start          sz.o
    0x08013fd8   0x00000044   Code   RO         6883    i.zsay_bibi         sz.o
    0x0801401c   0x00000044   Code   RO         6999    i.zsend_ascii       zcore.o
    0x08014060   0x00000330   Code   RO         7000    i.zsend_bin_data    zcore.o
    0x08014390   0x000001f8   Code   RO         7001    i.zsend_bin_header  zcore.o
    0x08014588   0x00000034   Code   RO         7154    i.zsend_break       zdevice.o
    0x080145bc   0x00000018   Code   RO         7155    i.zsend_byte        zdevice.o
    0x080145d4   0x00000024   Code   RO         7156    i.zsend_can         zdevice.o
    0x080145f8   0x000000ec   Code   RO         6884    i.zsend_file        sz.o
    0x080146e4   0x000000c8   Code   RO         6885    i.zsend_file_data   sz.o
    0x080147ac   0x000001ac   Code   RO         6886    i.zsend_files       sz.o
    0x08014958   0x000000d8   Code   RO         7002    i.zsend_hex_header  zcore.o
    0x08014a30   0x000000a0   Code   RO         6887    i.zsend_init        sz.o
    0x08014ad0   0x00000024   Code   RO         7157    i.zsend_line        zdevice.o
    0x08014af4   0x00000066   Code   RO         7003    i.zsend_zdle_char   zcore.o
    0x08014b5a   0x00000016   Code   RO         6944    i.zwrite_file       rz.o
    0x08014b70   0x00000040   Code   RO         7004    i.zxor_read         zcore.o
    0x08014bb0   0x0000002c   Code   RO         7264    locale$$code        c_w.l(lc_ctype_c.o)
    0x08014bdc   0x0000000e   Code   RO         7353    x$fpl$fpinit        fz_ws.l(fpinit.o)
    0x08014bea   0x000000a8   Data   RO         2994    .constdata          device.o
    0x08014c92   0x00000156   Data   RO         3152    .constdata          ipc.o
    0x08014de8   0x00000022   Data   RO         3416    .constdata          kservice.o
    0x08014e0a   0x00000002   PAD
    0x08014e0c   0x00000134   Data   RO         3545    .constdata          mem.o
    0x08014f40   0x00000025   Data   RO         3629    .constdata          mempool.o
    0x08014f65   0x0000004b   Data   RO         3715    .constdata          object.o
    0x08014fb0   0x0000014e   Data   RO         3821    .constdata          scheduler.o
    0x080150fe   0x000000aa   Data   RO         3907    .constdata          thread.o
    0x080151a8   0x0000005c   Data   RO         4019    .constdata          timer.o
    0x08015204   0x00000263   Data   RO         4129    .constdata          cmd.o
    0x08015467   0x00000001   PAD
    0x08015468   0x000000c4   Data   RO         4535    .constdata          finsh_ops.o
    0x0801552c   0x00000040   Data   RO         4912    .constdata          finsh_token.o
    0x0801556c   0x0000004d   Data   RO         5089    .constdata          shell.o
    0x080155b9   0x0000001c   Data   RO         5200    .constdata          dfs.o
    0x080155d5   0x00000046   Data   RO         5280    .constdata          dfs_fs.o
    0x0801561b   0x00000073   Data   RO         5368    .constdata          dfs_file.o
    0x0801568e   0x00000019   Data   RO         5475    .constdata          dfs_posix.o
    0x080156a7   0x00000001   PAD
    0x080156a8   0x000000b5   Data   RO         5610    .constdata          dfs_elm.o
    0x0801575d   0x00000001   PAD
    0x0801575e   0x0000003a   Data   RO         5816    .constdata          ff.o
    0x08015798   0x00000085   Data   RO         6099    .constdata          serial.o
    0x0801581d   0x00000012   Data   RO         6296    .constdata          sdcard.o
    0x0801582f   0x00000001   PAD
    0x08015830   0x000003c0   Data   RO         6638    .constdata          utils.o
    0x08015bf0   0x00000018   Data   RO         6718    .constdata          sst25vfxx.o
    0x08015c08   0x00000045   Data   RO         7113    .constdata          zstart.o
    0x08015c4d   0x0000004b   Data   RO         4130    .conststring        cmd.o
    0x08015c98   0x000000d8   Data   RO         4311    .conststring        finsh_error.o
    0x08015d70   0x0000002c   Data   RO         4913    .conststring        finsh_token.o
    0x08015d9c   0x00000004   Data   RO         5611    .conststring        dfs_elm.o
    0x08015da0   0x0000000c   Data   RO         3547    FSymTab             mem.o
    0x08015dac   0x00000090   Data   RO         4132    FSymTab             cmd.o
    0x08015e3c   0x00000018   Data   RO         5281    FSymTab             dfs_fs.o
    0x08015e54   0x00000030   Data   RO         5369    FSymTab             dfs_file.o
    0x08015e84   0x0000000c   Data   RO         5476    FSymTab             dfs_posix.o
    0x08015e90   0x00000018   Data   RO         7115    FSymTab             zstart.o
    0x08015ea8   0x00000020   Data   RO         7428    Region$$Table       anon$$obj.o
    0x08015ec8   0x00000010   Data   RO         4133    VSymTab             cmd.o
    0x08015ed8   0x00000110   Data   RO         7263    locale$$data        c_w.l(lc_ctype_c.o)


    Execution Region RW_IRAM1 (Base: 0x20000000, Size: 0x000036e0, Max: 0x00010000, ABSOLUTE, COMPRESSED[0x0000071c])

    Base Addr    Size         Type   Attr      Idx    E Section Name        Object

    0x20000000   0x00000014   Data   RW          171    .data               stm32f10x_rcc.o
    0x20000014   0x00000004   Data   RW         2942    .data               clock.o
    0x20000018   0x00000004   Data   RW         3071    .data               idle.o
    0x2000001c   0x00000001   Data   RW         3374    .data               irq.o
    0x2000001d   0x00000003   PAD
    0x20000020   0x00000008   Data   RW         3417    .data               kservice.o
    0x20000028   0x00000020   Data   RW         3546    .data               mem.o
    0x20000048   0x00000008   Data   RW         3630    .data               mempool.o
    0x20000050   0x000000a4   Data   RW         3716    .data               object.o
    0x200000f4   0x0000001c   Data   RW         3822    .data               scheduler.o
    0x20000110   0x0000000c   Data   RW         4020    .data               timer.o
    0x2000011c   0x00000004   Data   RW         4131    .data               cmd.o
    0x20000120   0x00000008   Data   RW         4263    .data               finsh_compiler.o
    0x20000128   0x0000003d   Data   RW         4312    .data               finsh_error.o
    0x20000165   0x00000003   PAD
    0x20000168   0x00000008   Data   RW         4350    .data               finsh_heap.o
    0x20000170   0x00000004   Data   RW         4988    .data               finsh_var.o
    0x20000174   0x0000000c   Data   RW         5038    .data               finsh_vm.o
    0x20000180   0x00000004   Data   RW         5090    .data               shell.o
    0x20000184   0x00000010   Data   RW         5177    .data               symbol.o
    0x20000194   0x00000008   Data   RW         5612    .data               dfs_elm.o
    0x2000019c   0x0000000a   Data   RW         5817    .data               ff.o
    0x200001a6   0x00000002   PAD
    0x200001a8   0x0000000c   Data   RW         6080    .data               interrupt.o
    0x200001b4   0x00000028   Data   RW         6297    .data               sdcard.o
    0x200001dc   0x00000014   Data   RW         6567    .data               system_stm32f10x.o
    0x200001f0   0x0000000c   Data   RW         6602    .data               usart.o
    0x200001fc   0x00000008   Data   RW         6639    .data               utils.o
    0x20000204   0x00000005   Data   RW         6719    .data               sst25vfxx.o
    0x20000209   0x00000003   PAD
    0x2000020c   0x00000603   Data   RW         6889    .data               sz.o
    0x2000080f   0x00000001   PAD
    0x20000810   0x0000061f   Data   RW         7006    .data               zcore.o
    0x20000e2f   0x00000001   PAD
    0x20000e30   0x00000617   Data   RW         7159    .data               zdevice.o
    0x20001447   0x00000001   PAD
    0x20001448   0x00000180   Zero   RW         3070    .bss                idle.o
    0x200015c8   0x00000080   Zero   RW         3415    .bss                kservice.o
    0x20001648   0x00000020   Zero   RW         3544    .bss                mem.o
    0x20001668   0x00000100   Zero   RW         3820    .bss                scheduler.o
    0x20001768   0x00000080   Zero   RW         4349    .bss                finsh_heap.o
    0x200017e8   0x00000140   Zero   RW         4438    .bss                finsh_node.o
    0x20001928   0x000000c0   Zero   RW         4987    .bss                finsh_var.o
    0x200019e8   0x00000180   Zero   RW         5037    .bss                finsh_vm.o
    0x20001b68   0x00000880   Zero   RW         5088    .bss                shell.o
    0x200023e8   0x00000154   Zero   RW         5199    .bss                dfs.o
    0x2000253c   0x00000124   Zero   RW         5367    .bss                dfs_file.o
    0x20002660   0x00000020   Zero   RW         6213    .bss                board.o
    0x20002680   0x00000324   Zero   RW         6295    .bss                sdcard.o
    0x200029a4   0x00000448   Zero   RW         6601    .bss                usart.o
    0x20002dec   0x00000240   Zero   RW         6717    .bss                sst25vfxx.o
    0x2000302c   0x00000400   Zero   RW         6888    .bss                sz.o
    0x2000342c   0x00000021   Zero   RW         7005    .bss                zcore.o
    0x2000344d   0x00000003   PAD
    0x20003450   0x00000024   Zero   RW         7112    .bss                zstart.o
    0x20003474   0x0000000a   Zero   RW         7158    .bss                zdevice.o
    0x2000347e   0x00000002   PAD
    0x20003480   0x00000060   Zero   RW         7267    .bss                c_w.l(libspace.o)
    0x200034e0   0x00000000   Zero   RW         6173    HEAP                start_rvds.o
    0x200034e0   0x00000200   Zero   RW         6172    STACK               start_rvds.o


==============================================================================

Image component sizes


      Code (inc. data)   RO Data    RW Data    ZI Data      Debug   Object Name

       176         90          0          0          0       1041   application.o
       952        138          0          0         32      18628   board.o
        80         18          0          4          0       8019   clock.o
      2870       1220        846          4          0      18571   cmd.o
       176         20          0          0          0        708   context_rvds.o
         0          0          0          0          0       4188   core_cm3.o
      1112        442        168          0          0       9579   device.o
      1090        200         28          0        340      11448   dfs.o
      2992        600        185          8          0      26759   dfs_elm.o
      1520        206        163          0        292      10615   dfs_file.o
      1430        226         94          0          0      12238   dfs_fs.o
       654         14         37          0          0       8510   dfs_posix.o
       260        160          0          0          0       1085   fault.o
        20          0          0          0          0        392   fault_rvds.o
     12268        164         58         10          0      45846   ff.o
      7028        156          0          8          0      11618   finsh_compiler.o
        60         22        216         61          0       2791   finsh_error.o
       614         38          0          8        128       6051   finsh_heap.o
        64          6          0          0          0       2148   finsh_init.o
       430          8          0          0        320       6066   finsh_node.o
      3206        296        196          0          0      26022   finsh_ops.o
      2648         32          0          0          0      16763   finsh_parser.o
      1820         16        108          0          0      10186   finsh_token.o
       328         30          0          4        192       7870   finsh_var.o
       192         36          0         12        384       7067   finsh_vm.o
       228         32          0          4        384       3558   idle.o
         0          0          0         12          0        422   interrupt.o
      1520        308        342          0          0      24938   ipc.o
        64          8          0          1          0       1558   irq.o
      2162        172         34          8        128      13276   kservice.o
      1824        606        320         32         32      10598   mem.o
       414         58         37          8          0       4925   mempool.o
       180         22          0          0          0       1771   misc.o
         0          0          0          0          0        296   module.o
       698        238         75        164          0       7593   object.o
      2058        454          0          0          0       6167   rz.o
      1162        356        334         28        256       7567   scheduler.o
     10364        730         18         40        804      35622   sdcard.o
      1686        400        133          0          0       9369   serial.o
      2088        434         77          4       2176      10846   shell.o
         8          0          0          0          0        439   spi_flash.o
      1436        160         24          5        576       8953   sst25vfxx.o
       138          0          0          0          0        775   stack.o
        60         24        336          0        512        752   start_rvds.o
       104         18          0          0          0        938   startup.o
         0          0          0          0          0     254800   stm32f10x_crc.o
       202         20          0          0          0       4249   stm32f10x_dma.o
       350          0          0          0          0       3344   stm32f10x_gpio.o
        58          6          0          0          0       3333   stm32f10x_it.o
       416         46          0         20          0       6023   stm32f10x_rcc.o
       500         92          0          0          0      11915   stm32f10x_sdio.o
       306         12          0          0          0       6783   stm32f10x_spi.o
       640          6          0          0          0       6214   stm32f10x_usart.o
         0          0          0         16          0       4169   symbol.o
       328         28          0         20          0       2133   system_stm32f10x.o
      1520        366          0       1539       1024       8671   sz.o
      1978        668        170          0          0      12764   thread.o
       986        284         92         12          0       9181   timer.o
       264         24          0         12       1096       2133   usart.o
       356        168        960          8          0       2297   utils.o
      4704        352          0       1567         33      14976   zcore.o
       304         40          0       1559         10       3355   zdevice.o
       520        110         93          0         36       6484   zstart.o

    ----------------------------------------------------------------------
     81682      10380       5182       5192       8760     787396   Object Totals
         0          0         32          0          0          0   (incl. Generated)
        66          0          6         14          5          0   (incl. Padding)

    ----------------------------------------------------------------------

      Code (inc. data)   RO Data    RW Data    ZI Data      Debug   Library Member Name

        60          8          0          0          0         84   __0sscanf.o
       100          0          0          0          0          0   __dclz77c.o
         8          0          0          0          0         68   __main.o
        52          8          0          0          0          0   __scatter.o
        28          0          0          0          0          0   __scatter_zi.o
        32          0          0          0          0         68   _chval.o
       904          4          0          0          0        100   _scanf.o
       334          0          0          0          0         96   _scanf_int.o
        64          0          0          0          0         84   _sgetc.o
       158          0          0          0          0         92   _strtoul.o
        26          0          0          0          0         80   atoi.o
        12          0          0          0          0         68   exit.o
         6          0          0          0          0        152   heapauxi.o
        18          0          0          0          0         76   isspace.o
        44         10        272          0          0         76   lc_ctype_c.o
         6          0          0          0          0          0   libinit.o
        20          0          0          0          0          0   libinit2.o
         2          0          0          0          0          0   libshutdown.o
         2          0          0          0          0          0   libshutdown2.o
         8          4          0          0         96         68   libspace.o
        16          4          0          0          0         76   rt_ctype_table.o
         8          4          0          0          0         68   rt_errno_addr_intlibspace.o
         8          4          0          0          0         68   rt_fp_status_addr_intlibspace.o
         8          4          0          0          0         68   rt_locale_intlibspace.o
        68          0          0          0          0         68   rt_memclr.o
        78          0          0          0          0         80   rt_memclr_w.o
       138          0          0          0          0         68   rt_memcpy_v6.o
       100          0          0          0          0         80   rt_memcpy_w.o
         0          0          0          0          0          0   rtentry.o
        12          0          0          0          0          0   rtentry2.o
         6          0          0          0          0          0   rtentry4.o
         2          0          0          0          0          0   rtexit.o
        10          0          0          0          0          0   rtexit2.o
        48         10          0          0          0         84   scanf_char.o
        24          0          0          0          0         68   strcat.o
        62          0          0          0          0         76   strlen.o
       140          0          0          0          0         80   strncmp.o
        86          0          0          0          0         76   strncpy.o
        36          0          0          0          0         80   strstr.o
       112          0          0          0          0         88   strtol.o
        12          4          0          0          0         68   sys_exit.o
        74          0          0          0          0         80   sys_stackheap_outer.o
         2          0          0          0          0         68   use_no_semi.o
        14          0          0          0          0         76   fpinit.o

    ----------------------------------------------------------------------
      2952         64        272          0         96       2532   Library Totals
         4          0          0          0          0          0   (incl. Padding)

    ----------------------------------------------------------------------

      Code (inc. data)   RO Data    RW Data    ZI Data      Debug   Library Name

      2934         64        272          0         96       2456   c_w.l
        14          0          0          0          0         76   fz_ws.l

    ----------------------------------------------------------------------
      2952         64        272          0         96       2532   Library Totals

    ----------------------------------------------------------------------

==============================================================================


      Code (inc. data)   RO Data    RW Data    ZI Data      Debug   

     84634      10444       5454       5192       8856     760340   Grand Totals
     84634      10444       5454       1820       8856     760340   ELF Image Totals (compressed)
     84634      10444       5454       1820          0          0   ROM Totals

==============================================================================

    Total RO  Size (Code + RO Data)                90088 (  87.98kB)
    Total RW  Size (RW Data + ZI Data)             14048 (  13.72kB)
    Total ROM Size (Code + RO Data + RW Data)      91908 (  89.75kB)

==============================================================================

