ARM Linker, 4.1 [Build 644] [Standard]

==============================================================================

Section Cross References

    stm32f10x_rcc.o(.text) refers to stm32f10x_rcc.o(.data) for APBAHBPrescTable
    stm32f10x_wwdg.o(.text) refers to stm32f10x_rcc.o(.text) for RCC_APB1PeriphResetCmd
    stm32f10x_pwr.o(.text) refers to stm32f10x_rcc.o(.text) for RCC_APB1PeriphResetCmd
    stm32f10x_bkp.o(.text) refers to stm32f10x_rcc.o(.text) for RCC_BackupResetCmd
    stm32f10x_i2c.o(.text) refers to stm32f10x_rcc.o(.text) for RCC_APB1PeriphResetCmd
    stm32f10x_adc.o(.text) refers to stm32f10x_rcc.o(.text) for RCC_APB2PeriphResetCmd
    stm32f10x_dac.o(.text) refers to stm32f10x_rcc.o(.text) for RCC_APB1PeriphResetCmd
    stm32f10x_tim.o(.text) refers to stm32f10x_rcc.o(.text) for RCC_APB2PeriphResetCmd
    stm32f10x_spi.o(.text) refers to stm32f10x_rcc.o(.text) for RCC_APB2PeriphResetCmd
    stm32f10x_gpio.o(.text) refers to stm32f10x_rcc.o(.text) for RCC_APB2PeriphResetCmd
    stm32f10x_usart.o(.text) refers to stm32f10x_rcc.o(.text) for RCC_APB2PeriphResetCmd
    stm32f10x_can.o(.text) refers to stm32f10x_rcc.o(.text) for RCC_APB1PeriphResetCmd
    clock.o(.text) refers to thread.o(.text) for rt_thread_self
    clock.o(.text) refers to timer.o(.text) for rt_timer_check
    clock.o(.text) refers to clock.o(.data) for rt_tick
    device.o(.text) refers to object.o(.text) for rt_object_init
    device.o(.text) refers to kservice.o(.text) for rt_kprintf
    device.o(.text) refers to thread.o(.text) for rt_thread_self
    device.o(.text) refers to scheduler.o(.text) for rt_enter_critical
    device.o(.text) refers to device.o(.constdata) for __FUNCTION__
    device.o(.text) refers to object.o(.data) for rt_object_container
    idle.o(.text) refers to context_rvds.o(.text) for rt_hw_interrupt_disable
    idle.o(.text) refers to object.o(.text) for rt_object_is_systemobject
    idle.o(.text) refers to mem.o(.text) for rt_free
    idle.o(.text) refers to thread.o(.text) for rt_thread_init
    idle.o(.text) refers to idle.o(.data) for rt_thread_idle_hook
    idle.o(.text) refers to scheduler.o(.data) for rt_thread_defunct
    idle.o(.text) refers to idle.o(.bss) for rt_thread_stack
    ipc.o(.text) refers to thread.o(.text) for rt_thread_suspend
    ipc.o(.text) refers to context_rvds.o(.text) for rt_hw_interrupt_disable
    ipc.o(.text) refers to kservice.o(.text) for rt_kprintf
    ipc.o(.text) refers to object.o(.text) for rt_object_init
    ipc.o(.text) refers to timer.o(.text) for rt_timer_control
    ipc.o(.text) refers to scheduler.o(.text) for rt_schedule
    ipc.o(.text) refers to ipc.o(.constdata) for __FUNCTION__
    ipc.o(.text) refers to object.o(.data) for rt_object_trytake_hook
    ipc.o(.text) refers to mem.o(.text) for rt_malloc
    ipc.o(.text) refers to clock.o(.text) for rt_tick_get
    irq.o(.text) refers to context_rvds.o(.text) for rt_hw_interrupt_disable
    irq.o(.text) refers to irq.o(.data) for rt_interrupt_nest
    kservice.o(.text) refers to thread.o(.text) for rt_thread_self
    kservice.o(.text) refers to mem.o(.text) for rt_malloc
    kservice.o(.text) refers to kservice.o(.data) for errno
    kservice.o(.text) refers to kservice.o(.constdata) for large_digits
    kservice.o(.text) refers to device.o(.text) for rt_device_write
    kservice.o(.text) refers to kservice.o(.bss) for rt_log_buf
    mem.o(.text) refers to kservice.o(.text) for rt_kprintf
    mem.o(.text) refers to ipc.o(.text) for rt_sem_init
    mem.o(.text) refers to mem.o(.data) for rt_malloc_hook
    mem.o(.text) refers to mem.o(.constdata) for __FUNCTION__
    mem.o(.text) refers to mem.o(.bss) for heap_sem
    mem.o(FSymTab) refers to mem.o(.constdata) for __fsym_list_mem_name
    mem.o(FSymTab) refers to mem.o(.text) for list_mem
    mempool.o(.text) refers to kservice.o(.text) for rt_kprintf
    mempool.o(.text) refers to object.o(.text) for rt_object_init
    mempool.o(.text) refers to context_rvds.o(.text) for rt_hw_interrupt_disable
    mempool.o(.text) refers to thread.o(.text) for rt_thread_resume
    mempool.o(.text) refers to mem.o(.text) for rt_malloc
    mempool.o(.text) refers to timer.o(.text) for rt_timer_control
    mempool.o(.text) refers to scheduler.o(.text) for rt_schedule
    mempool.o(.text) refers to mempool.o(.data) for rt_mp_alloc_hook
    mempool.o(.text) refers to mempool.o(.constdata) for __FUNCTION__
    object.o(.text) refers to context_rvds.o(.text) for rt_hw_interrupt_disable
    object.o(.text) refers to kservice.o(.text) for rt_kprintf
    object.o(.text) refers to mem.o(.text) for rt_malloc
    object.o(.text) refers to scheduler.o(.text) for rt_enter_critical
    object.o(.text) refers to object.o(.data) for rt_object_attach_hook
    object.o(.text) refers to object.o(.constdata) for __FUNCTION__
    object.o(.text) refers to irq.o(.data) for rt_interrupt_nest
[...]
    rt_mutex_init                            0x08001de9   Thumb Code    86  ipc.o(.text)
    rt_mutex_detach                          0x08001e3f   Thumb Code    50  ipc.o(.text)
    rt_mutex_create                          0x08001e71   Thumb Code    60  ipc.o(.text)
    rt_mutex_delete                          0x08001ead   Thumb Code    50  ipc.o(.text)
    rt_mutex_take                            0x08001edf   Thumb Code   368  ipc.o(.text)
    rt_mutex_release                         0x0800204f   Thumb Code   192  ipc.o(.text)
    rt_mutex_control                         0x0800210f   Thumb Code     8  ipc.o(.text)
    rt_event_init                            0x08002117   Thumb Code    70  ipc.o(.text)
    rt_event_detach                          0x0800215d   Thumb Code    52  ipc.o(.text)
    rt_event_create                          0x08002191   Thumb Code    42  ipc.o(.text)
    rt_event_delete                          0x080021bb   Thumb Code    52  ipc.o(.text)
    rt_event_send                            0x080021ef   Thumb Code   250  ipc.o(.text)
    rt_event_recv                            0x080022e9   Thumb Code   274  ipc.o(.text)
    rt_event_control                         0x080023fb   Thumb Code   140  ipc.o(.text)
    rt_mb_init                               0x08002487   Thumb Code    88  ipc.o(.text)
    rt_mb_detach                             0x080024df   Thumb Code    52  ipc.o(.text)
    rt_mb_create                             0x08002513   Thumb Code    80  ipc.o(.text)
    rt_mb_delete                             0x08002563   Thumb Code    60  ipc.o(.text)
    rt_mb_send                               0x0800259f   Thumb Code   160  ipc.o(.text)
    rt_mb_recv                               0x0800263f   Thumb Code   272  ipc.o(.text)
    rt_mb_control                            0x0800274f   Thumb Code    86  ipc.o(.text)
    rt_mq_init                               0x080027a5   Thumb Code   150  ipc.o(.text)
    rt_mq_detach                             0x0800283b   Thumb Code    52  ipc.o(.text)
    rt_mq_delete                             0x0800286f   Thumb Code   144  ipc.o(.text)
    rt_mq_create                             0x080028ff   Thumb Code   142  ipc.o(.text)
    rt_mq_send                               0x0800298d   Thumb Code   156  ipc.o(.text)
    rt_mq_urgent                             0x08002a29   Thumb Code   146  ipc.o(.text)
    rt_mq_recv                               0x08002abb   Thumb Code   268  ipc.o(.text)
    rt_mq_control                            0x08002bc7   Thumb Code   112  ipc.o(.text)
    rt_interrupt_enter                       0x08002c85   Thumb Code    28  irq.o(.text)
    rt_interrupt_leave                       0x08002ca1   Thumb Code    28  irq.o(.text)
    rt_get_errno                             0x08002cc1   Thumb Code    20  kservice.o(.text)
    rt_set_errno                             0x08002cd5   Thumb Code    24  kservice.o(.text)
    rt_memset                                0x08002ced   Thumb Code   122  kservice.o(.text)
    rt_memcpy                                0x08002d67   Thumb Code   202  kservice.o(.text)
    rt_memmove                               0x08002e31   Thumb Code    92  kservice.o(.text)
    rt_memcmp                                0x08002e8d   Thumb Code    56  kservice.o(.text)
    rt_strlen                                0x08002ec5   Thumb Code    22  kservice.o(.text)
    rt_strstr                                0x08002edb   Thumb Code    66  kservice.o(.text)
    rt_strcasecmp                            0x08002f1d   Thumb Code    68  kservice.o(.text)
    rt_strncpy                               0x08002f61   Thumb Code    36  kservice.o(.text)
    rt_strncmp                               0x08002f85   Thumb Code    56  kservice.o(.text)
    rt_strcmp                                0x08002fbd   Thumb Code    36  kservice.o(.text)
    rt_strdup                                0x08002fe1   Thumb Code    44  kservice.o(.text)
    rt_hw_console_output                     0x0800300d   Thumb Code     2  kservice.o(.text)
    rt_kprintf                               0x080034f3   Thumb Code    62  kservice.o(.text)
    rt_show_version                          0x08003531   Thumb Code    34  kservice.o(.text)
    rt_snprintf                              0x08003553   Thumb Code    40  kservice.o(.text)
    rt_vsprintf                              0x0800357b   Thumb Code    22  kservice.o(.text)
    rt_sprintf                               0x08003591   Thumb Code    36  kservice.o(.text)
    rt_console_set_device                    0x080035b5   Thumb Code    50  kservice.o(.text)
    rt_malloc_sethook                        0x0800367d   Thumb Code     6  mem.o(.text)
    rt_free_sethook                          0x08003683   Thumb Code     6  mem.o(.text)
    rt_system_heap_init                      0x0800376b   Thumb Code   182  mem.o(.text)
    rt_malloc                                0x08003821   Thumb Code   876  mem.o(.text)
    rt_free                                  0x08003b8d   Thumb Code   270  mem.o(.text)
    rt_realloc                               0x08003c9b   Thumb Code   274  mem.o(.text)
    rt_calloc                                0x08003dad   Thumb Code    34  mem.o(.text)
    rt_memory_info                           0x08003dcf   Thumb Code    26  mem.o(.text)
    list_mem                                 0x08003de9   Thumb Code    34  mem.o(.text)
    rt_mp_alloc_sethook                      0x08003ed5   Thumb Code     6  mempool.o(.text)
    rt_mp_free_sethook                       0x08003edb   Thumb Code     6  mempool.o(.text)
    rt_mp_init                               0x08003ee1   Thumb Code   166  mempool.o(.text)
    rt_mp_detach                             0x08003f87   Thumb Code   104  mempool.o(.text)
    rt_mp_create                             0x08003fef   Thumb Code   164  mempool.o(.text)
    rt_mp_delete                             0x08004093   Thumb Code   112  mempool.o(.text)
    rt_mp_alloc                              0x08004103   Thumb Code   184  mempool.o(.text)
    rt_mp_free                               0x080041bb   Thumb Code   110  mempool.o(.text)
    rt_object_attach_sethook                 0x080042a5   Thumb Code     6  object.o(.text)
    rt_object_detach_sethook                 0x080042ab   Thumb Code     6  object.o(.text)
    rt_object_trytake_sethook                0x080042b1   Thumb Code     6  object.o(.text)
    rt_object_take_sethook                   0x080042b7   Thumb Code     6  object.o(.text)
    rt_object_put_sethook                    0x080042bd   Thumb Code     6  object.o(.text)
    rt_system_object_init                    0x080042c3   Thumb Code     2  object.o(.text)
    rt_object_init                           0x080042c5   Thumb Code    88  object.o(.text)
    rt_object_detach                         0x0800431d   Thumb Code    70  object.o(.text)
    rt_object_allocate                       0x08004363   Thumb Code   104  object.o(.text)
    rt_object_delete                         0x080043cb   Thumb Code   112  object.o(.text)
    rt_object_is_systemobject                0x0800443b   Thumb Code    52  object.o(.text)
    rt_object_find                           0x0800446f   Thumb Code   118  object.o(.text)
    rt_scheduler_sethook                     0x08004575   Thumb Code     6  scheduler.o(.text)
    rt_system_scheduler_init                 0x080045df   Thumb Code    64  scheduler.o(.text)
    rt_system_scheduler_start                0x0800461f   Thumb Code   126  scheduler.o(.text)
    rt_schedule                              0x0800469d   Thumb Code   212  scheduler.o(.text)
    rt_schedule_insert_thread                0x08004771   Thumb Code    98  scheduler.o(.text)
    rt_schedule_remove_thread                0x080047d3   Thumb Code   112  scheduler.o(.text)
    rt_enter_critical                        0x08004843   Thumb Code    30  scheduler.o(.text)
    rt_exit_critical                         0x08004861   Thumb Code    58  scheduler.o(.text)
    rt_thread_timeout                        0x08004979   Thumb Code    98  thread.o(.text)
    rt_thread_init                           0x08004ae5   Thumb Code   114  thread.o(.text)
    rt_thread_create                         0x08004b57   Thumb Code    82  thread.o(.text)
    rt_thread_self                           0x08004ba9   Thumb Code     6  thread.o(.text)
    rt_thread_resume                         0x08004baf   Thumb Code   102  thread.o(.text)
    rt_thread_startup                        0x08004c15   Thumb Code   106  thread.o(.text)
    rt_thread_detach                         0x08004c7f   Thumb Code    92  thread.o(.text)
    rt_thread_delete                         0x08004cdb   Thumb Code    82  thread.o(.text)
    rt_thread_yield                          0x08004d2d   Thumb Code   318  thread.o(.text)
    rt_thread_suspend                        0x08004e6b   Thumb Code    82  thread.o(.text)
    rt_thread_sleep                          0x08004ebd   Thumb Code    96  thread.o(.text)
    rt_thread_delay                          0x08004f1d   Thumb Code    12  thread.o(.text)
    rt_thread_control                        0x08004f29   Thumb Code   156  thread.o(.text)
    rt_thread_find                           0x08004fc5   Thumb Code    84  thread.o(.text)
    rt_timer_timeout_sethook                 0x0800504d   Thumb Code     6  timer.o(.text)
    rt_timer_init                            0x08005087   Thumb Code    78  timer.o(.text)
    rt_timer_detach                          0x080050d5   Thumb Code    64  timer.o(.text)
    rt_timer_create                          0x08005115   Thumb Code    56  timer.o(.text)
    rt_timer_delete                          0x0800514d   Thumb Code    64  timer.o(.text)
    rt_timer_start                           0x0800518d   Thumb Code   208  timer.o(.text)
    rt_timer_stop                            0x0800525d   Thumb Code    94  timer.o(.text)
    rt_timer_control                         0x080052bb   Thumb Code    96  timer.o(.text)
    rt_timer_check                           0x0800531b   Thumb Code   156  timer.o(.text)
    rt_system_timer_init                     0x080053b7   Thumb Code    10  timer.o(.text)
    rt_system_timer_thread_init              0x080053c1   Thumb Code     2  timer.o(.text)
    hello                                    0x08005467   Thumb Code    12  cmd.o(.text)
    version                                  0x08005473   Thumb Code    10  cmd.o(.text)
    list_thread                              0x0800552b   Thumb Code    10  cmd.o(.text)
    list_sem                                 0x080055dd   Thumb Code    12  cmd.o(.text)
    list_event                               0x0800562f   Thumb Code    12  cmd.o(.text)
    list_mutex                               0x08005681   Thumb Code    12  cmd.o(.text)
    list_mailbox                             0x08005709   Thumb Code    12  cmd.o(.text)
    list_msgqueue                            0x0800578d   Thumb Code    12  cmd.o(.text)
    list_mempool                             0x08005807   Thumb Code    12  cmd.o(.text)
    list_timer                               0x08005be5   Thumb Code    10  cmd.o(.text)
    list_device                              0x08005c3b   Thumb Code    12  cmd.o(.text)
    list                                     0x08005c47   Thumb Code   138  cmd.o(.text)
    list_prefix                              0x08005cfb   Thumb Code   302  cmd.o(.text)
    finsh_compiler_run                       0x08007a19   Thumb Code   100  finsh_compiler.o(.text)
    finsh_error_init                         0x08007a8d   Thumb Code    10  finsh_error.o(.text)
    finsh_error_set                          0x08007a97   Thumb Code    12  finsh_error.o(.text)
    finsh_errno                              0x08007aa3   Thumb Code     6  finsh_error.o(.text)
    finsh_error_string                       0x08007aa9   Thumb Code    10  finsh_error.o(.text)
    finsh_heap_init                          0x08007abd   Thumb Code    40  finsh_heap.o(.text)
    finsh_heap_free                          0x08007c03   Thumb Code    36  finsh_heap.o(.text)
    finsh_heap_allocate                      0x08007c85   Thumb Code   120  finsh_heap.o(.text)
    finsh_init                               0x08007d0d   Thumb Code    30  finsh_init.o(.text)
    finsh_stack_bottom                       0x08007d2b   Thumb Code     6  finsh_init.o(.text)
    finsh_flush                              0x08007d31   Thumb Code    22  finsh_init.o(.text)
    finsh_reset                              0x08007d47   Thumb Code    24  finsh_init.o(.text)
    finsh_node_init                          0x08007d65   Thumb Code    16  finsh_node.o(.text)
    finsh_node_allocate                      0x08007d75   Thumb Code    64  finsh_node.o(.text)
    finsh_node_new_id                        0x08007db5   Thumb Code   134  finsh_node.o(.text)
    finsh_node_new_char                      0x08007e3b   Thumb Code    32  finsh_node.o(.text)
    finsh_node_new_int                       0x08007e5b   Thumb Code    32  finsh_node.o(.text)
    finsh_node_new_long                      0x08007e7b   Thumb Code    32  finsh_node.o(.text)
    finsh_node_new_string                    0x08007e9b   Thumb Code    80  finsh_node.o(.text)
    finsh_node_new_ptr                       0x08007eeb   Thumb Code    32  finsh_node.o(.text)
    OP_no_op                                 0x08007f11   Thumb Code     2  finsh_ops.o(.text)
    OP_add_byte                              0x08007f13   Thumb Code    44  finsh_ops.o(.text)
    OP_add_word                              0x08007f3f   Thumb Code    46  finsh_ops.o(.text)
    OP_add_dword                             0x08007f6d   Thumb Code    44  finsh_ops.o(.text)
    OP_sub_byte                              0x08007f99   Thumb Code    46  finsh_ops.o(.text)
    OP_sub_word                              0x08007fc7   Thumb Code    48  finsh_ops.o(.text)
    OP_sub_dword                             0x08007ff7   Thumb Code    46  finsh_ops.o(.text)
    OP_div_byte                              0x08008025   Thumb Code    46  finsh_ops.o(.text)
    OP_div_word                              0x08008053   Thumb Code    48  finsh_ops.o(.text)
    OP_div_dword                             0x08008083   Thumb Code    46  finsh_ops.o(.text)
    OP_mod_byte                              0x080080b1   Thumb Code    50  finsh_ops.o(.text)
    OP_mod_word                              0x080080e3   Thumb Code    52  finsh_ops.o(.text)
    OP_mod_dword                             0x08008117   Thumb Code    50  finsh_ops.o(.text)
    OP_mul_byte                              0x08008149   Thumb Code    44  finsh_ops.o(.text)
    OP_mul_word                              0x08008175   Thumb Code    46  finsh_ops.o(.text)
    OP_mul_dword                             0x080081a3   Thumb Code    44  finsh_ops.o(.text)
    OP_and_byte                              0x080081cf   Thumb Code    46  finsh_ops.o(.text)
    OP_and_word                              0x080081fd   Thumb Code    46  finsh_ops.o(.text)
    OP_and_dword                             0x0800822b   Thumb Code    46  finsh_ops.o(.text)
    OP_or_byte                               0x08008259   Thumb Code    46  finsh_ops.o(.text)
    OP_or_word                               0x08008287   Thumb Code    46  finsh_ops.o(.text)
    OP_or_dword                              0x080082b5   Thumb Code    46  finsh_ops.o(.text)
    OP_xor_byte                              0x080082e3   Thumb Code    50  finsh_ops.o(.text)
    OP_xor_word                              0x08008315   Thumb Code    46  finsh_ops.o(.text)
    OP_xor_dword                             0x08008343   Thumb Code    46  finsh_ops.o(.text)
    OP_bw_byte                               0x08008371   Thumb Code    22  finsh_ops.o(.text)
    OP_bw_word                               0x08008387   Thumb Code    22  finsh_ops.o(.text)
    OP_bw_dword                              0x0800839d   Thumb Code    22  finsh_ops.o(.text)
    OP_shl_byte                              0x080083b3   Thumb Code    46  finsh_ops.o(.text)
    OP_shl_word                              0x080083e1   Thumb Code    48  finsh_ops.o(.text)
    OP_shl_dword                             0x08008411   Thumb Code    46  finsh_ops.o(.text)
    OP_shr_byte                              0x0800843f   Thumb Code    46  finsh_ops.o(.text)
    OP_shr_word                              0x0800846d   Thumb Code    48  finsh_ops.o(.text)
    OP_shr_dword                             0x0800849d   Thumb Code    46  finsh_ops.o(.text)
    OP_ld_byte                               0x080084cb   Thumb Code    38  finsh_ops.o(.text)
    OP_ld_word                               0x080084f1   Thumb Code    50  finsh_ops.o(.text)
    OP_ld_dword                              0x08008523   Thumb Code    68  finsh_ops.o(.text)
    OP_ld_value_byte                         0x08008567   Thumb Code    72  finsh_ops.o(.text)
    OP_ld_value_byte_stack                   0x080085af   Thumb Code    22  finsh_ops.o(.text)
    OP_ld_value_word                         0x080085c5   Thumb Code    72  finsh_ops.o(.text)
    OP_ld_value_word_stack                   0x0800860d   Thumb Code    22  finsh_ops.o(.text)
    OP_ld_value_dword                        0x08008623   Thumb Code    72  finsh_ops.o(.text)
    OP_ld_value_dword_stack                  0x0800866b   Thumb Code    22  finsh_ops.o(.text)
    OP_st_byte                               0x08008681   Thumb Code    32  finsh_ops.o(.text)
    OP_st_word                               0x080086a1   Thumb Code    32  finsh_ops.o(.text)
    OP_st_dword                              0x080086c1   Thumb Code    32  finsh_ops.o(.text)
    OP_pop                                   0x080086e1   Thumb Code    14  finsh_ops.o(.text)
    OP_call                                  0x080086ef   Thumb Code   930  finsh_ops.o(.text)
    finsh_parser_run                         0x080093f5   Thumb Code   230  finsh_parser.o(.text)
    finsh_parser_init                        0x080094db   Thumb Code    18  finsh_parser.o(.text)
    finsh_token_init                         0x080094ed   Thumb Code    22  finsh_token.o(.text)
    token_get_string                         0x08009993   Thumb Code   130  finsh_token.o(.text)
    finsh_token_token                        0x08009beb   Thumb Code    26  finsh_token.o(.text)
    finsh_token_get_token                    0x08009c05   Thumb Code    22  finsh_token.o(.text)
    finsh_var_init                           0x08009c21   Thumb Code    14  finsh_var.o(.text)
    finsh_var_insert                         0x08009c2f   Thumb Code   126  finsh_var.o(.text)
    finsh_var_delete                         0x08009cad   Thumb Code    80  finsh_var.o(.text)
    finsh_var_lookup                         0x08009cfd   Thumb Code    68  finsh_var.o(.text)
    finsh_sysvar_append                      0x08009d41   Thumb Code    68  finsh_var.o(.text)
    finsh_sysvar_lookup                      0x08009d85   Thumb Code    90  finsh_var.o(.text)
    finsh_vm_run                             0x08009df1   Thumb Code    66  finsh_vm.o(.text)
    finsh_syscall_append                     0x08009e33   Thumb Code    58  finsh_vm.o(.text)
    finsh_syscall_lookup                     0x08009e6d   Thumb Code    90  finsh_vm.o(.text)
    strcmp                                   0x08009ee9   Thumb Code    36  shell.o(.text)
    strdup                                   0x08009f0d   Thumb Code    44  shell.o(.text)
    finsh_get_prompt                         0x08009f39   Thumb Code    26  shell.o(.text)
    finsh_set_device                         0x08009f87   Thumb Code   116  shell.o(.text)
    finsh_get_device                         0x08009ffb   Thumb Code    46  shell.o(.text)
    finsh_set_echo                           0x0800a029   Thumb Code    60  shell.o(.text)
    finsh_get_echo                           0x0800a065   Thumb Code    50  shell.o(.text)
    finsh_auto_complete                      0x0800a097   Thumb Code    34  shell.o(.text)
    finsh_run_line                           0x0800a0b9   Thumb Code   154  shell.o(.text)
    finsh_handle_history                     0x0800a153   Thumb Code   320  shell.o(.text)
    finsh_push_history                       0x0800a293   Thumb Code   386  shell.o(.text)
    finsh_thread_entry                       0x0800a415   Thumb Code   576  shell.o(.text)
    finsh_system_function_init               0x0800a655   Thumb Code    10  shell.o(.text)
    finsh_system_var_init                    0x0800a65f   Thumb Code    10  shell.o(.text)
    finsh_system_init                        0x0800a669   Thumb Code   116  shell.o(.text)
    dfs_init                                 0x0800a73d   Thumb Code    66  dfs.o(.text)
    dfs_lock                                 0x0800a77f   Thumb Code    46  dfs.o(.text)
    dfs_unlock                               0x0800a7ad   Thumb Code    10  dfs.o(.text)
    fd_new                                   0x0800a7b7   Thumb Code    70  dfs.o(.text)
    fd_get                                   0x0800a7fd   Thumb Code    42  dfs.o(.text)
    fd_put                                   0x0800a827   Thumb Code    36  dfs.o(.text)
    dfs_normalize_path                       0x0800a84b   Thumb Code   394  dfs.o(.text)
    fd_is_open                               0x0800a9d5   Thumb Code   160  dfs.o(.text)
    dfs_subdir                               0x0800aa75   Thumb Code    62  dfs.o(.text)
    dfs_register                             0x0800ab19   Thumb Code   124  dfs_fs.o(.text)
    dfs_filesystem_lookup                    0x0800ab95   Thumb Code   144  dfs_fs.o(.text)
    dfs_filesystem_get_partition             0x0800ac25   Thumb Code   266  dfs_fs.o(.text)
    dfs_mount                                0x0800ad2f   Thumb Code   650  dfs_fs.o(.text)
    dfs_unmount                              0x0800afb9   Thumb Code   122  dfs_fs.o(.text)
    dfs_mkfs                                 0x0800b033   Thumb Code    98  dfs_fs.o(.text)
    dfs_statfs                               0x0800b095   Thumb Code    42  dfs_fs.o(.text)
    mkfs                                     0x0800b0bf   Thumb Code    16  dfs_fs.o(.text)
    df                                       0x0800b0cf   Thumb Code    30  dfs_fs.o(.text)
    dfs_file_open                            0x0800b11d   Thumb Code   220  dfs_file.o(.text)
    dfs_file_close                           0x0800b1f9   Thumb Code    64  dfs_file.o(.text)
    dfs_file_ioctl                           0x0800b239   Thumb Code    54  dfs_file.o(.text)
    dfs_file_read                            0x0800b26f   Thumb Code    72  dfs_file.o(.text)
    dfs_file_getdents                        0x0800b2b7   Thumb Code    56  dfs_file.o(.text)
    dfs_file_unlink                          0x0800b2ef   Thumb Code   144  dfs_file.o(.text)
    dfs_file_write                           0x0800b37f   Thumb Code    50  dfs_file.o(.text)
    dfs_file_flush                           0x0800b3b1   Thumb Code    38  dfs_file.o(.text)
    dfs_file_lseek                           0x0800b3d7   Thumb Code    58  dfs_file.o(.text)
    dfs_file_stat                            0x0800b411   Thumb Code   176  dfs_file.o(.text)
    dfs_file_rename                          0x0800b4c1   Thumb Code   156  dfs_file.o(.text)
    ls                                       0x0800b55d   Thumb Code   216  dfs_file.o(.text)
    rm                                       0x0800b635   Thumb Code    24  dfs_file.o(.text)
    cat                                      0x0800b64d   Thumb Code    82  dfs_file.o(.text)
    copy                                     0x0800b69f   Thumb Code   152  dfs_file.o(.text)
    open                                     0x0800b7f5   Thumb Code    86  dfs_posix.o(.text)
    close                                    0x0800b84b   Thumb Code    68  dfs_posix.o(.text)
    read                                     0x0800b88f   Thumb Code    80  dfs_posix.o(.text)
    write                                    0x0800b8df   Thumb Code    80  dfs_posix.o(.text)
    lseek                                    0x0800b92f   Thumb Code   110  dfs_posix.o(.text)
    rename                                   0x0800b99d   Thumb Code    36  dfs_posix.o(.text)
    unlink                                   0x0800b9c1   Thumb Code    32  dfs_posix.o(.text)
    stat                                     0x0800b9e1   Thumb Code    36  dfs_posix.o(.text)
    fstat                                    0x0800ba05   Thumb Code    94  dfs_posix.o(.text)
    statfs                                   0x0800ba63   Thumb Code    36  dfs_posix.o(.text)
    mkdir                                    0x0800ba87   Thumb Code    90  dfs_posix.o(.text)
    rmdir                                    0x0800bae1   Thumb Code    32  dfs_posix.o(.text)
    opendir                                  0x0800bb01   Thumb Code   132  dfs_posix.o(.text)
    readdir                                  0x0800bb85   Thumb Code   120  dfs_posix.o(.text)
    telldir                                  0x0800bbfd   Thumb Code    56  dfs_posix.o(.text)
    seekdir                                  0x0800bc35   Thumb Code    62  dfs_posix.o(.text)
    rewinddir                                0x0800bc73   Thumb Code    60  dfs_posix.o(.text)
    closedir                                 0x0800bcaf   Thumb Code    76  dfs_posix.o(.text)
    chdir                                    0x0800bcfb   Thumb Code   124  dfs_posix.o(.text)
    getcwd                                   0x0800bd77   Thumb Code    28  dfs_posix.o(.text)
    dfs_elm_mount                            0x0800be13   Thumb Code   112  dfs_elm.o(.text)
    dfs_elm_unmount                          0x0800be83   Thumb Code   112  dfs_elm.o(.text)
    dfs_elm_mkfs                             0x0800bef3   Thumb Code    92  dfs_elm.o(.text)
    dfs_elm_statfs                           0x0800bf4f   Thumb Code   160  dfs_elm.o(.text)
    dfs_elm_open                             0x0800bfef   Thumb Code   340  dfs_elm.o(.text)
    dfs_elm_close                            0x0800c143   Thumb Code   126  dfs_elm.o(.text)
    dfs_elm_ioctl                            0x0800c1c1   Thumb Code     8  dfs_elm.o(.text)
    dfs_elm_read                             0x0800c1c9   Thumb Code   284  dfs_elm.o(.text)
    dfs_elm_write                            0x0800c2e5   Thumb Code    98  dfs_elm.o(.text)
    dfs_elm_flush                            0x0800c347   Thumb Code    62  dfs_elm.o(.text)
    dfs_elm_lseek                            0x0800c385   Thumb Code    74  dfs_elm.o(.text)
    dfs_elm_getdents                         0x0800c3cf   Thumb Code   232  dfs_elm.o(.text)
    dfs_elm_unlink                           0x0800c4b7   Thumb Code    88  dfs_elm.o(.text)
    dfs_elm_rename                           0x0800c50f   Thumb Code   144  dfs_elm.o(.text)
    dfs_elm_stat                             0x0800c59f   Thumb Code   178  dfs_elm.o(.text)
    elm_init                                 0x0800c651   Thumb Code    12  dfs_elm.o(.text)
    disk_initialize                          0x0800c65d   Thumb Code     8  dfs_elm.o(.text)
    disk_status                              0x0800c665   Thumb Code     8  dfs_elm.o(.text)
    disk_read                                0x0800c66d   Thumb Code    48  dfs_elm.o(.text)
    disk_write                               0x0800c69d   Thumb Code    48  dfs_elm.o(.text)
    disk_ioctl                               0x0800c6cd   Thumb Code   156  dfs_elm.o(.text)
    get_fattime                              0x0800c769   Thumb Code     4  dfs_elm.o(.text)
    ff_cre_syncobj                           0x0800c76d   Thumb Code    42  dfs_elm.o(.text)
    ff_del_syncobj                           0x0800c797   Thumb Code    14  dfs_elm.o(.text)
    ff_req_grant                             0x0800c7a5   Thumb Code    24  dfs_elm.o(.text)
    ff_rel_grant                             0x0800c7bd   Thumb Code    12  dfs_elm.o(.text)
    clust2sect                               0x0800c9b1   Thumb Code    32  ff.o(.text)
    get_fat                                  0x0800c9d1   Thumb Code   288  ff.o(.text)
    put_fat                                  0x0800caf1   Thumb Code   364  ff.o(.text)
    f_mount                                  0x0800d847   Thumb Code    76  ff.o(.text)
    f_open                                   0x0800d893   Thumb Code   340  ff.o(.text)
    f_read                                   0x0800d9e7   Thumb Code   708  ff.o(.text)
    f_write                                  0x0800dcab   Thumb Code   758  ff.o(.text)
    f_sync                                   0x0800dfa1   Thumb Code   178  ff.o(.text)
    f_close                                  0x0800e053   Thumb Code    24  ff.o(.text)
    f_lseek                                  0x0800e06b   Thumb Code  1048  ff.o(.text)
    f_opendir                                0x0800e483   Thumb Code   118  ff.o(.text)
    f_readdir                                0x0800e4f9   Thumb Code   106  ff.o(.text)
    f_stat                                   0x0800e563   Thumb Code    74  ff.o(.text)
    f_getfree                                0x0800e5ad   Thumb Code   304  ff.o(.text)
    f_truncate                               0x0800e6dd   Thumb Code   206  ff.o(.text)
    f_unlink                                 0x0800e7ab   Thumb Code   200  ff.o(.text)
    f_mkdir                                  0x0800e873   Thumb Code   402  ff.o(.text)
    f_chmod                                  0x0800ea05   Thumb Code   116  ff.o(.text)
    f_utime                                  0x0800ea79   Thumb Code    94  ff.o(.text)
    f_rename                                 0x0800ead7   Thumb Code   308  ff.o(.text)
    f_mkfs                                   0x0800ec0b   Thumb Code  1400  ff.o(.text)
    elm_get_vol                              0x0800f183   Thumb Code    40  ff.o(.text)
    rt_hw_hard_fault_exception               0x0800f1bd   Thumb Code   100  fault.o(.text)
    rt_hw_serial_register                    0x0800f60d   Thumb Code   142  serial.o(.text)
    rt_hw_serial_isr                         0x0800f69b   Thumb Code   532  serial.o(.text)
    rt_hw_serial_dma_tx_isr                  0x0800f8af   Thumb Code   188  serial.o(.text)
    rt_hw_stack_init                         0x0800f9b1   Thumb Code   138  stack.o(.text)
    rt_hw_interrupt_disable                  0x0800fa3d   Thumb Code     8  context_rvds.o(.text)
    rt_hw_interrupt_enable                   0x0800fa45   Thumb Code     6  context_rvds.o(.text)
    rt_hw_context_switch                     0x0800fa4b   Thumb Code    32  context_rvds.o(.text)
    rt_hw_context_switch_interrupt           0x0800fa4b   Thumb Code     0  context_rvds.o(.text)
    rt_hw_pend_sv                            0x0800fa6b   Thumb Code    60  context_rvds.o(.text)
    rt_hw_context_switch_to                  0x0800faa7   Thumb Code    46  context_rvds.o(.text)
    rt_hw_interrupt_thread_switch            0x0800fad5   Thumb Code     4  context_rvds.o(.text)
    rt_hw_hard_fault                         0x0800faed   Thumb Code    20  fault_rvds.o(.text)
    Reset_Handler                            0x0800fb01   Thumb Code    10  start_rvds.o(.text)
    ADC1_2_IRQHandler                        0x0800fb19   Thumb Code     0  start_rvds.o(.text)
    ADC3_IRQHandler                          0x0800fb19   Thumb Code     0  start_rvds.o(.text)
    CAN1_RX1_IRQHandler                      0x0800fb19   Thumb Code     0  start_rvds.o(.text)
    CAN1_SCE_IRQHandler                      0x0800fb19   Thumb Code     0  start_rvds.o(.text)
    CAN2_RX0_IRQHandler                      0x0800fb19   Thumb Code     0  start_rvds.o(.text)
    CAN2_RX1_IRQHandler                      0x0800fb19   Thumb Code     0  start_rvds.o(.text)
    CAN2_SCE_IRQHandler                      0x0800fb19   Thumb Code     0  start_rvds.o(.text)
    CAN2_TX_IRQHandler                       0x0800fb19   Thumb Code     0  start_rvds.o(.text)
    DMA1_Channel1_IRQHandler                 0x0800fb19   Thumb Code     0  start_rvds.o(.text)
    DMA1_Channel2_IRQHandler                 0x0800fb19   Thumb Code     0  start_rvds.o(.text)
    DMA1_Channel3_IRQHandler                 0x0800fb19   Thumb Code     0  start_rvds.o(.text)
    DMA1_Channel4_IRQHandler                 0x0800fb19   Thumb Code     0  start_rvds.o(.text)
    DMA1_Channel5_IRQHandler                 0x0800fb19   Thumb Code     0  start_rvds.o(.text)
    DMA1_Channel6_IRQHandler                 0x0800fb19   Thumb Code     0  start_rvds.o(.text)
    DMA1_Channel7_IRQHandler                 0x0800fb19   Thumb Code     0  start_rvds.o(.text)
    DMA2_Channel1_IRQHandler                 0x0800fb19   Thumb Code     0  start_rvds.o(.text)
    DMA2_Channel2_IRQHandler                 0x0800fb19   Thumb Code     0  start_rvds.o(.text)
    DMA2_Channel3_IRQHandler                 0x0800fb19   Thumb Code     0  start_rvds.o(.text)
    DMA2_Channel4_5_IRQHandler               0x0800fb19   Thumb Code     0  start_rvds.o(.text)
    DMA2_Channel5_IRQHandler                 0x0800fb19   Thumb Code     0  start_rvds.o(.text)
    ETH_IRQHandler                           0x0800fb19   Thumb Code     0  start_rvds.o(.text)
    ETH_WKUP_IRQHandler                      0x0800fb19   Thumb Code     0  start_rvds.o(.text)
    EXTI0_IRQHandler                         0x0800fb19   Thumb Code     0  start_rvds.o(.text)
    EXTI15_10_IRQHandler                     0x0800fb19   Thumb Code     0  start_rvds.o(.text)
    EXTI1_IRQHandler                         0x0800fb19   Thumb Code     0  start_rvds.o(.text)
    EXTI2_IRQHandler                         0x0800fb19   Thumb Code     0  start_rvds.o(.text)
    EXTI3_IRQHandler                         0x0800fb19   Thumb Code     0  start_rvds.o(.text)
    EXTI4_IRQHandler                         0x0800fb19   Thumb Code     0  start_rvds.o(.text)
    EXTI9_5_IRQHandler                       0x0800fb19   Thumb Code     0  start_rvds.o(.text)
    FLASH_IRQHandler                         0x0800fb19   Thumb Code     0  start_rvds.o(.text)
    FSMC_IRQHandler                          0x0800fb19   Thumb Code     0  start_rvds.o(.text)
    I2C1_ER_IRQHandler                       0x0800fb19   Thumb Code     0  start_rvds.o(.text)
    I2C1_EV_IRQHandler                       0x0800fb19   Thumb Code     0  start_rvds.o(.text)
    I2C2_ER_IRQHandler                       0x0800fb19   Thumb Code     0  start_rvds.o(.text)
    I2C2_EV_IRQHandler                       0x0800fb19   Thumb Code     0  start_rvds.o(.text)
    OTG_FS_IRQHandler                        0x0800fb19   Thumb Code     0  start_rvds.o(.text)
    OTG_FS_WKUP_IRQHandler                   0x0800fb19   Thumb Code     0  start_rvds.o(.text)
    PVD_IRQHandler                           0x0800fb19   Thumb Code     0  start_rvds.o(.text)
    RCC_IRQHandler                           0x0800fb19   Thumb Code     0  start_rvds.o(.text)
    RTCAlarm_IRQHandler                      0x0800fb19   Thumb Code     0  start_rvds.o(.text)
    RTC_IRQHandler                           0x0800fb19   Thumb Code     0  start_rvds.o(.text)
    SPI1_IRQHandler                          0x0800fb19   Thumb Code     0  start_rvds.o(.text)
    SPI2_IRQHandler                          0x0800fb19   Thumb Code     0  start_rvds.o(.text)
    SPI3_IRQHandler                          0x0800fb19   Thumb Code     0  start_rvds.o(.text)
    TAMPER_IRQHandler                        0x0800fb19   Thumb Code     0  start_rvds.o(.text)
    TIM1_BRK_IRQHandler                      0x0800fb19   Thumb Code     0  start_rvds.o(.text)
    TIM1_CC_IRQHandler                       0x0800fb19   Thumb Code     0  start_rvds.o(.text)
    TIM1_TRG_COM_IRQHandler                  0x0800fb19   Thumb Code     0  start_rvds.o(.text)
    TIM1_UP_IRQHandler                       0x0800fb19   Thumb Code     0  start_rvds.o(.text)
    TIM2_IRQHandler                          0x0800fb19   Thumb Code     0  start_rvds.o(.text)
    TIM3_IRQHandler                          0x0800fb19   Thumb Code     0  start_rvds.o(.text)
    TIM4_IRQHandler                          0x0800fb19   Thumb Code     0  start_rvds.o(.text)
    TIM5_IRQHandler                          0x0800fb19   Thumb Code     0  start_rvds.o(.text)
    TIM6_IRQHandler                          0x0800fb19   Thumb Code     0  start_rvds.o(.text)
    TIM7_IRQHandler                          0x0800fb19   Thumb Code     0  start_rvds.o(.text)
    TIM8_BRK_IRQHandler                      0x0800fb19   Thumb Code     0  start_rvds.o(.text)
    TIM8_CC_IRQHandler                       0x0800fb19   Thumb Code     0  start_rvds.o(.text)
    TIM8_TRG_COM_IRQHandler                  0x0800fb19   Thumb Code     0  start_rvds.o(.text)
    TIM8_UP_IRQHandler                       0x0800fb19   Thumb Code     0  start_rvds.o(.text)
    UART4_IRQHandler                         0x0800fb19   Thumb Code     0  start_rvds.o(.text)
    UART5_IRQHandler                         0x0800fb19   Thumb Code     0  start_rvds.o(.text)
    USART2_IRQHandler                        0x0800fb19   Thumb Code     0  start_rvds.o(.text)
    USART3_IRQHandler                        0x0800fb19   Thumb Code     0  start_rvds.o(.text)
    USB_HP_CAN1_TX_IRQHandler                0x0800fb19   Thumb Code     0  start_rvds.o(.text)
    USB_LP_CAN1_RX0_IRQHandler               0x0800fb19   Thumb Code     0  start_rvds.o(.text)
    WWDG_IRQHandler                          0x0800fb19   Thumb Code     0  start_rvds.o(.text)
    __user_initial_stackheap                 0x0800fb1d   Thumb Code     0  start_rvds.o(.text)
    rt_init_thread_entry                     0x0800fb3d   Thumb Code    46  application.o(.text)
    rt_application_init                      0x0800fb6b   Thumb Code    38  application.o(.text)
    NVIC_Configuration                       0x0800fbf3   Thumb Code    12  board.o(.text)
    rt_hw_timer_handler                      0x0800fbff   Thumb Code    16  board.o(.text)
    rt_hw_board_init                         0x0800fdcf   Thumb Code   132  board.o(.text)
    SD_InitializeCards                       0x0800ff95   Thumb Code   402  sdcard.o(.text)
    SD_PowerON                               0x0801035d   Thumb Code   596  sdcard.o(.text)
    SD_Init                                  0x080105ed   Thumb Code    96  sdcard.o(.text)
    SD_PowerOFF                              0x0801064d   Thumb Code    20  sdcard.o(.text)
    SD_GetCardInfo                           0x08010661   Thumb Code   970  sdcard.o(.text)
    SD_EnableWideBusOperation                0x08010d6b   Thumb Code   166  sdcard.o(.text)
    SD_SetDeviceMode                         0x08010e11   Thumb Code    32  sdcard.o(.text)
    SD_SelectDeselect                        0x08010e31   Thumb Code    58  sdcard.o(.text)
    SD_ReadBlock                             0x08010eef   Thumb Code   710  sdcard.o(.text)
    SD_ReadMultiBlocks                       0x080111b5   Thumb Code   884  sdcard.o(.text)
    SD_WriteBlock                            0x08011705   Thumb Code  1028  sdcard.o(.text)
    SD_WriteMultiBlocks                      0x08011b09   Thumb Code  1160  sdcard.o(.text)
    SD_GetTransferState                      0x08011f91   Thumb Code    18  sdcard.o(.text)
    SD_StopTransfer                          0x08011fa3   Thumb Code   106  sdcard.o(.text)
    SD_Erase                                 0x0801200d   Thumb Code   352  sdcard.o(.text)
    SD_SendStatus                            0x0801216d   Thumb Code    92  sdcard.o(.text)
    SD_SendSDStatus                          0x080121c9   Thumb Code   508  sdcard.o(.text)
    SD_ProcessIRQSrc                         0x080123c5   Thumb Code   682  sdcard.o(.text)
    rt_hw_sdcard_init                        0x08012949   Thumb Code   206  sdcard.o(.text)
    rtthread_startup                         0x08012ae1   Thumb Code    66  startup.o(.text)
    main                                     0x08012b23   Thumb Code    16  startup.o(.text)
    NMI_Handler                              0x08012b45   Thumb Code     2  stm32f10x_it.o(.text)
    HardFault_Handler                        0x08012b47   Thumb Code     4  stm32f10x_it.o(.text)
    MemManage_Handler                        0x08012b4b   Thumb Code     4  stm32f10x_it.o(.text)
    BusFault_Handler                         0x08012b4f   Thumb Code     4  stm32f10x_it.o(.text)
    UsageFault_Handler                       0x08012b53   Thumb Code     4  stm32f10x_it.o(.text)
    SVC_Handler                              0x08012b57   Thumb Code     2  stm32f10x_it.o(.text)
    DebugMon_Handler                         0x08012b59   Thumb Code     2  stm32f10x_it.o(.text)
    USART1_IRQHandler                        0x08012b5b   Thumb Code    18  stm32f10x_it.o(.text)
    SDIO_IRQHandler                          0x08012b6d   Thumb Code    16  stm32f10x_it.o(.text)
    SystemInit                               0x08012c5b   Thumb Code    82  system_stm32f10x.o(.text)
    SystemCoreClockUpdate                    0x08012cad   Thumb Code   166  system_stm32f10x.o(.text)
    rt_hw_usart_init                         0x08012ded   Thumb Code   124  usart.o(.text)
    zr_start                                 0x08013483   Thumb Code   238  rz.o(.text)
    zs_start                                 0x08013b27   Thumb Code   132  sz.o(.text)
    zinit_parameter                          0x08013c35   Thumb Code    86  zcore.o(.text)
    zsend_zdle_char                          0x08013c8b   Thumb Code   102  zcore.o(.text)
    zsend_bin_header                         0x08013cf1   Thumb Code   486  zcore.o(.text)
    zsend_hex_header                         0x08013f07   Thumb Code   206  zcore.o(.text)
    zsend_bin_data                           0x08013fd5   Thumb Code   892  zcore.o(.text)
    zread_byte                               0x08014351   Thumb Code   254  zcore.o(.text)
    zget_data                                0x08014813   Thumb Code    72  zcore.o(.text)
    zxor_read                                0x0801485b   Thumb Code    64  zcore.o(.text)
    zget_hex_header                          0x0801494d   Thumb Code   214  zcore.o(.text)
    zget_header                              0x08014bbf   Thumb Code   488  zcore.o(.text)
    zput_pos                                 0x08014da7   Thumb Code    24  zcore.o(.text)
    zget_pos                                 0x08014dbf   Thumb Code    58  zcore.o(.text)
    get_device_baud                          0x08014e05   Thumb Code     6  zdevice.o(.text)
    get_sys_time                             0x08014e0b   Thumb Code     4  zdevice.o(.text)
    zsend_byte                               0x08014e0f   Thumb Code    20  zdevice.o(.text)
    zsend_line                               0x08014e23   Thumb Code    30  zdevice.o(.text)
    zread_line                               0x08014e41   Thumb Code   132  zdevice.o(.text)
    zsend_break                              0x08014ec5   Thumb Code    52  zdevice.o(.text)
    zsend_can                                0x08014ef9   Thumb Code    24  zdevice.o(.text)
    zmodem_rx_ind                            0x08014f2d   Thumb Code    16  zstart.o(.text)
    finsh_rz                                 0x08014f3d   Thumb Code   120  zstart.o(.text)
    finsh_sz                                 0x08014fb5   Thumb Code   120  zstart.o(.text)
    __rt_ctype_table                         0x080150f9   Thumb Code    16  rt_ctype_table.o(.text)
    __0sscanf                                0x08015109   Thumb Code    52  __0sscanf.o(.text)
    _scanf_int                               0x08015145   Thumb Code   334  _scanf_int.o(.text)
    atoi                                     0x08015293   Thumb Code    26  atoi.o(.text)
    strstr                                   0x080152ad   Thumb Code    36  strstr.o(.text)
    strlen                                   0x080152d1   Thumb Code    62  strlen.o(.text)
    strncmp                                  0x0801530f   Thumb Code   140  strncmp.o(.text)
    strcat                                   0x0801539b   Thumb Code    24  strcat.o(.text)
    __aeabi_memcpy                           0x080153b3   Thumb Code     0  rt_memcpy_v6.o(.text)
    __rt_memcpy                              0x080153b3   Thumb Code   138  rt_memcpy_v6.o(.text)
    _memcpy_lastbytes                        0x08015419   Thumb Code     0  rt_memcpy_v6.o(.text)
    __aeabi_memcpy4                          0x0801543d   Thumb Code     0  rt_memcpy_w.o(.text)
    __aeabi_memcpy8                          0x0801543d   Thumb Code     0  rt_memcpy_w.o(.text)
    __rt_memcpy_w                            0x0801543d   Thumb Code   100  rt_memcpy_w.o(.text)
    _memcpy_lastbytes_aligned                0x08015485   Thumb Code     0  rt_memcpy_w.o(.text)
    __aeabi_memclr                           0x080154a1   Thumb Code     0  rt_memclr.o(.text)
    __rt_memclr                              0x080154a1   Thumb Code    68  rt_memclr.o(.text)
    _memset                                  0x080154a5   Thumb Code     0  rt_memclr.o(.text)
    __aeabi_memclr4                          0x080154e5   Thumb Code     0  rt_memclr_w.o(.text)
    __aeabi_memclr8                          0x080154e5   Thumb Code     0  rt_memclr_w.o(.text)
    __rt_memclr_w                            0x080154e5   Thumb Code    78  rt_memclr_w.o(.text)
    _memset_w                                0x080154e9   Thumb Code     0  rt_memclr_w.o(.text)
    strncpy                                  0x08015533   Thumb Code    86  strncpy.o(.text)
    __use_two_region_memory                  0x08015589   Thumb Code     2  heapauxi.o(.text)
    __rt_heap_escrow$2region                 0x0801558b   Thumb Code     2  heapauxi.o(.text)
    __rt_heap_expand$2region                 0x0801558d   Thumb Code     2  heapauxi.o(.text)
    __rt_locale                              0x08015591   Thumb Code     8  rt_locale_intlibspace.o(.text)
    __aeabi_errno_addr                       0x08015599   Thumb Code     8  rt_errno_addr_intlibspace.o(.text)
    __errno$intlibspace                      0x08015599   Thumb Code     0  rt_errno_addr_intlibspace.o(.text)
    __rt_errno_addr$intlibspace              0x08015599   Thumb Code     0  rt_errno_addr_intlibspace.o(.text)
    _chval                                   0x080155a1   Thumb Code    32  _chval.o(.text)
    __vfscanf_char                           0x080155cd   Thumb Code    26  scanf_char.o(.text)
    _sgetc                                   0x080155f1   Thumb Code    30  _sgetc.o(.text)
    _sbackspace                              0x0801560f   Thumb Code    34  _sgetc.o(.text)
    strtol                                   0x08015631   Thumb Code   112  strtol.o(.text)
    __user_libspace                          0x080156a1   Thumb Code     8  libspace.o(.text)
    __user_perproc_libspace                  0x080156a1   Thumb Code     0  libspace.o(.text)
    __user_perthread_libspace                0x080156a1   Thumb Code     0  libspace.o(.text)
    isspace                                  0x080156a9   Thumb Code    18  isspace.o(.text)
    __vfscanf                                0x080156bd   Thumb Code   900  _scanf.o(.text)
    _strtoul                                 0x08015a45   Thumb Code   158  _strtoul.o(.text)
    __user_setup_stackheap                   0x08015ae3   Thumb Code    74  sys_stackheap_outer.o(.text)
    exit                                     0x08015b2d   Thumb Code    12  exit.o(.text)
    __rt_fp_status_addr                      0x08015b39   Thumb Code     8  rt_fp_status_addr_intlibspace.o(.text)
    _sys_exit                                0x08015b41   Thumb Code     8  sys_exit.o(.text)
    __I$use$semihosting                      0x08015b4d   Thumb Code     0  use_no_semi.o(.text)
    __use_no_semihosting_swi                 0x08015b4d   Thumb Code     2  use_no_semi.o(.text)
    _get_lc_ctype                            0x08015b51   Thumb Code    44  lc_ctype_c.o(locale$$code)
    _fp_init                                 0x08015b7d   Thumb Code    14  fpinit.o(x$fpl$fpinit)
    __fplib_config_pureend_doubles           0x08015b89   Thumb Code     0  fpinit.o(x$fpl$fpinit)
    __fsym_list_mem_name                     0x08015dac   Data           9  mem.o(.constdata)
    __fsym_list_mem_desc                     0x08015db5   Data          30  mem.o(.constdata)
    rt_lowest_bitmap                         0x08015f50   Data         256  scheduler.o(.constdata)
    __fsym_hello_name                        0x080161a4   Data           6  cmd.o(.constdata)
    __fsym_hello_desc                        0x080161aa   Data          16  cmd.o(.constdata)
    __fsym_version_name                      0x080161ba   Data           8  cmd.o(.constdata)
    __fsym_version_desc                      0x080161c2   Data          35  cmd.o(.constdata)
    __fsym_list_thread_name                  0x080161e5   Data          12  cmd.o(.constdata)
    __fsym_list_thread_desc                  0x080161f1   Data          12  cmd.o(.constdata)
    __fsym_list_sem_name                     0x080161fd   Data           9  cmd.o(.constdata)
    __fsym_list_sem_desc                     0x08016206   Data          25  cmd.o(.constdata)
    __fsym_list_event_name                   0x0801621f   Data          11  cmd.o(.constdata)
    __fsym_list_event_desc                   0x0801622a   Data          21  cmd.o(.constdata)
    __fsym_list_mutex_name                   0x0801623f   Data          11  cmd.o(.constdata)
    __fsym_list_mutex_desc                   0x0801624a   Data          21  cmd.o(.constdata)
    __fsym_list_mailbox_name                 0x0801625f   Data          13  cmd.o(.constdata)
    __fsym_list_mailbox_desc                 0x0801626c   Data          24  cmd.o(.constdata)
    __fsym_list_msgqueue_name                0x08016284   Data          14  cmd.o(.constdata)
    __fsym_list_msgqueue_desc                0x08016292   Data          29  cmd.o(.constdata)
    __fsym_list_mempool_name                 0x080162af   Data          13  cmd.o(.constdata)
    __fsym_list_mempool_desc                 0x080162bc   Data          27  cmd.o(.constdata)
    __fsym_list_timer_name                   0x080162d7   Data          11  cmd.o(.constdata)
    __fsym_list_timer_desc                   0x080162e2   Data          21  cmd.o(.constdata)
    __fsym_list_device_name                  0x080162f7   Data          12  cmd.o(.constdata)
    __fsym_list_device_desc                  0x08016303   Data          22  cmd.o(.constdata)
    __fsym_list_name                         0x08016319   Data           5  cmd.o(.constdata)
    __fsym_list_desc                         0x0801631e   Data          26  cmd.o(.constdata)
    __vsym_dummy_name                        0x08016338   Data           6  cmd.o(.constdata)
    __vsym_dummy_desc                        0x0801633e   Data          25  cmd.o(.constdata)
    op_table                                 0x08016408   Data         196  finsh_ops.o(.constdata)
    __fsym_mkfs_name                         0x08016575   Data           5  dfs_fs.o(.constdata)
    __fsym_mkfs_desc                         0x0801657a   Data          19  dfs_fs.o(.constdata)
    __fsym_df_name                           0x0801658d   Data           3  dfs_fs.o(.constdata)
    __fsym_df_desc                           0x08016590   Data          14  dfs_fs.o(.constdata)
    __fsym_ls_name                           0x080165bb   Data           3  dfs_file.o(.constdata)
    __fsym_ls_desc                           0x080165be   Data          24  dfs_file.o(.constdata)
    __fsym_rm_name                           0x080165d6   Data           3  dfs_file.o(.constdata)
    __fsym_rm_desc                           0x080165d9   Data          28  dfs_file.o(.constdata)
    __fsym_cat_name                          0x080165f5   Data           4  dfs_file.o(.constdata)
    __fsym_cat_desc                          0x080165f9   Data          11  dfs_file.o(.constdata)
    __fsym_copy_name                         0x08016604   Data           5  dfs_file.o(.constdata)
    __fsym_copy_desc                         0x08016609   Data          37  dfs_file.o(.constdata)
    __fsym_mkdir_name                        0x0801662e   Data           6  dfs_posix.o(.constdata)
    __fsym_mkdir_desc                        0x08016634   Data          19  dfs_posix.o(.constdata)
    __fsym_chdir_name                        0x08016647   Data           3  dfs_posix.o(.constdata)
    __fsym_chdir_desc                        0x0801664a   Data          33  dfs_posix.o(.constdata)
    __fsym_rz_name                           0x080167e5   Data           3  zstart.o(.constdata)
    __fsym_rz_desc                           0x080167e8   Data          33  zstart.o(.constdata)
    __fsym_sz_name                           0x08016809   Data           3  zstart.o(.constdata)
    __fsym_sz_desc                           0x0801680c   Data          30  zstart.o(.constdata)
    FSymTab$$Base                            0x08016980   Number         0  mem.o(FSymTab)
    __fsym_list_mem                          0x08016980   Data          12  mem.o(FSymTab)
    __fsym_hello                             0x0801698c   Data          12  cmd.o(FSymTab)
    __fsym_version                           0x08016998   Data          12  cmd.o(FSymTab)
    __fsym_list_thread                       0x080169a4   Data          12  cmd.o(FSymTab)
    __fsym_list_sem                          0x080169b0   Data          12  cmd.o(FSymTab)
    __fsym_list_event                        0x080169bc   Data          12  cmd.o(FSymTab)
    __fsym_list_mutex                        0x080169c8   Data          12  cmd.o(FSymTab)
    __fsym_list_mailbox                      0x080169d4   Data          12  cmd.o(FSymTab)
    __fsym_list_msgqueue                     0x080169e0   Data          12  cmd.o(FSymTab)
    __fsym_list_mempool                      0x080169ec   Data          12  cmd.o(FSymTab)
    __fsym_list_timer                        0x080169f8   Data          12  cmd.o(FSymTab)
    __fsym_list_device                       0x08016a04   Data          12  cmd.o(FSymTab)
    __fsym_list                              0x08016a10   Data          12  cmd.o(FSymTab)
    __fsym_mkfs                              0x08016a1c   Data          12  dfs_fs.o(FSymTab)
    __fsym_df                                0x08016a28   Data          12  dfs_fs.o(FSymTab)
    __fsym_ls                                0x08016a34   Data          12  dfs_file.o(FSymTab)
    __fsym_rm                                0x08016a40   Data          12  dfs_file.o(FSymTab)
    __fsym_cat                               0x08016a4c   Data          12  dfs_file.o(FSymTab)
    __fsym_copy                              0x08016a58   Data          12  dfs_file.o(FSymTab)
    __fsym_mkdir                             0x08016a64   Data          12  dfs_posix.o(FSymTab)
    __fsym_chdir                             0x08016a70   Data          12  dfs_posix.o(FSymTab)
    __fsym_rz                                0x08016a7c   Data          12  zstart.o(FSymTab)
    __fsym_sz                                0x08016a88   Data          12  zstart.o(FSymTab)
    FSymTab$$Limit                           0x08016a94   Number         0  zstart.o(FSymTab)
    Region$$Table$$Base                      0x08016a94   Number         0  anon$$obj.o(Region$$Table)
    Region$$Table$$Limit                     0x08016ab4   Number         0  anon$$obj.o(Region$$Table)
    VSymTab$$Base                            0x08016ab4   Number         0  cmd.o(VSymTab)
    __vsym_dummy                             0x08016ab4   Data          16  cmd.o(VSymTab)
    VSymTab$$Limit                           0x08016ac4   Number         0  cmd.o(VSymTab)
    __ctype                                  0x08016ad1   Data           0  lc_ctype_c.o(locale$$data)
    rt_interrupt_nest                        0x2000001c   Data           1  irq.o(.data)
    errno                                    0x20000024   Data           4  kservice.o(.data)
    rt_object_container                      0x20000050   Data         144  object.o(.data)
    rt_object_trytake_hook                   0x200000e8   Data           4  object.o(.data)
    rt_object_take_hook                      0x200000ec   Data           4  object.o(.data)
    rt_object_put_hook                       0x200000f0   Data           4  object.o(.data)
    rt_current_thread                        0x200000f8   Data           4  scheduler.o(.data)
    rt_current_priority                      0x200000fc   Data           1  scheduler.o(.data)
    rt_thread_ready_priority_group           0x20000100   Data           4  scheduler.o(.data)
    rt_thread_defunct                        0x20000104   Data           8  scheduler.o(.data)
    finsh_compile_sp                         0x20000120   Data           4  finsh_compiler.o(.data)
    finsh_compile_pc                         0x20000124   Data           4  finsh_compiler.o(.data)
    global_errno                             0x20000164   Data           1  finsh_error.o(.data)
    global_sysvar_list                       0x20000170   Data           4  finsh_var.o(.data)
    global_syscall_list                      0x20000174   Data           4  finsh_vm.o(.data)
    finsh_sp                                 0x20000178   Data           4  finsh_vm.o(.data)
    finsh_pc                                 0x2000017c   Data           4  finsh_vm.o(.data)
    shell                                    0x20000204   Data           4  shell.o(.data)
    _syscall_table_begin                     0x20000208   Data           4  symbol.o(.data)
    _syscall_table_end                       0x2000020c   Data           4  symbol.o(.data)
    _sysvar_table_begin                      0x20000210   Data           4  symbol.o(.data)
    _sysvar_table_end                        0x20000214   Data           4  symbol.o(.data)
    working_directory                        0x20000218   Data         256  dfs.o(.data)
    rt_interrupt_from_thread                 0x2000032c   Data           4  interrupt.o(.data)
    rt_interrupt_to_thread                   0x20000330   Data           4  interrupt.o(.data)
    rt_thread_switch_interrput_flag          0x20000334   Data           4  interrupt.o(.data)
    TransferError                            0x2000034c   Data           1  sdcard.o(.data)
    TransferEnd                              0x20000350   Data           4  sdcard.o(.data)
    NumberOfBytes                            0x20000354   Data           4  sdcard.o(.data)
    SrcBuffer                                0x20000358   Data           4  sdcard.o(.data)
    DestBuffer                               0x2000035c   Data           4  sdcard.o(.data)
    SystemCoreClock                          0x20000360   Data           4  system_stm32f10x.o(.data)
    AHBPrescTable                            0x20000364   Data          16  system_stm32f10x.o(.data)
    uart1                                    0x20000374   Data          12  usart.o(.data)
    ZF0_CMD                                  0x20000f84   Data           1  zcore.o(.data)
    ZF1_CMD                                  0x20000f85   Data           1  zcore.o(.data)
    ZF2_CMD                                  0x20000f86   Data           1  zcore.o(.data)
    ZF3_CMD                                  0x20000f87   Data           1  zcore.o(.data)
    Rxframeind                               0x20000f88   Data           1  zcore.o(.data)
    Rxcount                                  0x20000f8a   Data           2  zcore.o(.data)
    header_type                              0x20000f8c   Data           1  zcore.o(.data)
    rx_header                                0x20000f8d   Data           4  zcore.o(.data)
    tx_header                                0x20000f91   Data           4  zcore.o(.data)
    Rxpos                                    0x20000f98   Data           4  zcore.o(.data)
    Txpos                                    0x20000f9c   Data           4  zcore.o(.data)
    Txfcs32                                  0x20000fa0   Data           1  zcore.o(.data)
    TxCRC                                    0x20000fa1   Data           1  zcore.o(.data)
    RxCRC                                    0x20000fa2   Data           1  zcore.o(.data)
    Line_left                                0x200015a4   Data           4  zdevice.o(.data)
    Left_sizes                               0x200015a8   Data           4  zdevice.o(.data)
    Baudrate                                 0x200015ac   Data           4  zdevice.o(.data)
    rt_thread_priority_table                 0x200017dc   Data         256  scheduler.o(.bss)
    finsh_heap                               0x200018dc   Data         128  finsh_heap.o(.bss)
    global_node_table                        0x2000195c   Data         320  finsh_node.o(.bss)
    global_variable                          0x20001a9c   Data         192  finsh_var.o(.bss)
    finsh_vm_stack                           0x20001b5c   Data         256  finsh_vm.o(.bss)
    text_segment                             0x20001c5c   Data         128  finsh_vm.o(.bss)
    filesystem_operation_table               0x2000255c   Data          16  dfs.o(.bss)
    filesystem_table                         0x2000256c   Data          32  dfs.o(.bss)
    fd_table                                 0x200025b0   Data         256  dfs.o(.bss)
    SDIO_InitStructure                       0x200027f4   Data          24  sdcard.o(.bss)
    SDIO_CmdInitStructure                    0x2000280c   Data          20  sdcard.o(.bss)
    SDIO_DataInitStructure                   0x20002820   Data          24  sdcard.o(.bss)
    uart1_int_rx                             0x20002af8   Data        1032  usart.o(.bss)
    uart1_device                             0x20002f00   Data          64  usart.o(.bss)
    Attn                                     0x20003340   Data          33  zcore.o(.bss)
    zmodem                                   0x2000336c   Data          36  zstart.o(.bss)
    __libspace_start                         0x20003390   Data          96  libspace.o(.bss)
    __temporary_stack_top$libspace           0x200033f0   Data           0  libspace.o(.bss)
    Image$$RW_IRAM1$$ZI$$Limit               0x200035f0   Number         0  start_rvds.o(STACK)



==============================================================================

Memory Map of the image

  Image Entry point : 0x08000151

  Load Region LR_IROM1 (Base: 0x08000000, Size: 0x00018190, Max: 0x00080000, ABSOLUTE, COMPRESSED[0x000172fc])

    Execution Region ER_IROM1 (Base: 0x08000000, Size: 0x00016bd4, Max: 0x00080000, ABSOLUTE)

    Base Addr    Size         Type   Attr      Idx    E Section Name        Object

    0x08000000   0x00000150   Data   RO         1110    RESET               start_rvds.o
    0x08000150   0x00000008   Code   RO         1373  * !!!main             c_w.l(__main.o)
    0x08000158   0x00000034   Code   RO         1564    !!!scatter          c_w.l(__scatter.o)
    0x0800018c   0x00000064   Code   RO         1562    !!dclz77c           c_w.l(__dclz77c.o)
    0x080001f0   0x0000001c   Code   RO         1566    !!handler_zi        c_w.l(__scatter_zi.o)
    0x0800020c   0x00000006   Code   RO         1478    .ARM.Collect$$libinit$$00000000  c_w.l(libinit.o)
    0x08000212   0x00000000   Code   RO         1427    .ARM.Collect$$libinit$$00000006  c_w.l(libinit2.o)
    0x08000212   0x00000000   Code   RO         1429    .ARM.Collect$$libinit$$00000008  c_w.l(libinit2.o)
    0x08000212   0x00000000   Code   RO         1431    .ARM.Collect$$libinit$$0000000A  c_w.l(libinit2.o)
    0x08000212   0x00000006   Code   RO         1432    .ARM.Collect$$libinit$$0000000B  c_w.l(libinit2.o)
    0x08000218   0x00000000   Code   RO         1434    .ARM.Collect$$libinit$$0000000D  c_w.l(libinit2.o)
    0x08000218   0x0000000c   Code   RO         1435    .ARM.Collect$$libinit$$0000000E  c_w.l(libinit2.o)
    0x08000224   0x00000000   Code   RO         1436    .ARM.Collect$$libinit$$0000000F  c_w.l(libinit2.o)
    0x08000224   0x00000000   Code   RO         1438    .ARM.Collect$$libinit$$00000011  c_w.l(libinit2.o)
    0x08000224   0x00000000   Code   RO         1440    .ARM.Collect$$libinit$$00000013  c_w.l(libinit2.o)
    0x08000224   0x00000000   Code   RO         1442    .ARM.Collect$$libinit$$00000015  c_w.l(libinit2.o)
    0x08000224   0x00000000   Code   RO         1444    .ARM.Collect$$libinit$$00000017  c_w.l(libinit2.o)
    0x08000224   0x00000000   Code   RO         1446    .ARM.Collect$$libinit$$00000019  c_w.l(libinit2.o)
    0x08000224   0x00000000   Code   RO         1448    .ARM.Collect$$libinit$$0000001B  c_w.l(libinit2.o)
    0x08000224   0x00000000   Code   RO         1450    .ARM.Collect$$libinit$$0000001D  c_w.l(libinit2.o)
    0x08000224   0x00000000   Code   RO         1452    .ARM.Collect$$libinit$$0000001F  c_w.l(libinit2.o)
    0x08000224   0x00000000   Code   RO         1454    .ARM.Collect$$libinit$$00000021  c_w.l(libinit2.o)
    0x08000224   0x00000000   Code   RO         1458    .ARM.Collect$$libinit$$00000028  c_w.l(libinit2.o)
    0x08000224   0x00000000   Code   RO         1460    .ARM.Collect$$libinit$$0000002A  c_w.l(libinit2.o)
    0x08000224   0x00000000   Code   RO         1462    .ARM.Collect$$libinit$$0000002C  c_w.l(libinit2.o)
    0x08000224   0x00000000   Code   RO         1464    .ARM.Collect$$libinit$$0000002E  c_w.l(libinit2.o)
    0x08000224   0x00000002   Code   RO         1465    .ARM.Collect$$libinit$$0000002F  c_w.l(libinit2.o)
    0x08000226   0x00000002   Code   RO         1520    .ARM.Collect$$libshutdown$$00000000  c_w.l(libshutdown.o)
    0x08000228   0x00000000   Code   RO         1527    .ARM.Collect$$libshutdown$$00000003  c_w.l(libshutdown2.o)
    0x08000228   0x00000000   Code   RO         1530    .ARM.Collect$$libshutdown$$00000006  c_w.l(libshutdown2.o)
    0x08000228   0x00000000   Code   RO         1533    .ARM.Collect$$libshutdown$$00000009  c_w.l(libshutdown2.o)
    0x08000228   0x00000000   Code   RO         1535    .ARM.Collect$$libshutdown$$0000000B  c_w.l(libshutdown2.o)
    0x08000228   0x00000000   Code   RO         1538    .ARM.Collect$$libshutdown$$0000000E  c_w.l(libshutdown2.o)
    0x08000228   0x00000002   Code   RO         1539    .ARM.Collect$$libshutdown$$0000000F  c_w.l(libshutdown2.o)
    0x0800022a   0x00000000   Code   RO         1375    .ARM.Collect$$rtentry$$00000000  c_w.l(rtentry.o)
    0x0800022a   0x00000000   Code   RO         1402    .ARM.Collect$$rtentry$$00000002  c_w.l(rtentry2.o)
    0x0800022a   0x00000006   Code   RO         1417    .ARM.Collect$$rtentry$$00000004  c_w.l(rtentry4.o)
    0x08000230   0x00000000   Code   RO         1404    .ARM.Collect$$rtentry$$00000009  c_w.l(rtentry2.o)
    0x08000230   0x00000004   Code   RO         1405    .ARM.Collect$$rtentry$$0000000A  c_w.l(rtentry2.o)
    0x08000234   0x00000000   Code   RO         1407    .ARM.Collect$$rtentry$$0000000C  c_w.l(rtentry2.o)
    0x08000234   0x00000008   Code   RO         1408    .ARM.Collect$$rtentry$$0000000D  c_w.l(rtentry2.o)
    0x0800023c   0x00000002   Code   RO         1479    .ARM.Collect$$rtexit$$00000000  c_w.l(rtexit.o)
    0x0800023e   0x00000000   Code   RO         1490    .ARM.Collect$$rtexit$$00000002  c_w.l(rtexit2.o)
    0x0800023e   0x00000004   Code   RO         1491    .ARM.Collect$$rtexit$$00000003  c_w.l(rtexit2.o)
    0x08000242   0x00000006   Code   RO         1492    .ARM.Collect$$rtexit$$00000004  c_w.l(rtexit2.o)
    0x08000248   0x000004a4   Code   RO          109    .text               stm32f10x_rcc.o
    0x080006ec   0x0000024c   Code   RO          279    .text               stm32f10x_sdio.o
    0x08000938   0x00000418   Code   RO          291    .text               stm32f10x_gpio.o
    0x08000d50   0x000004fa   Code   RO          303    .text               stm32f10x_usart.o
    0x0800124a   0x00000002   PAD
    0x0800124c   0x00000274   Code   RO          327    .text               stm32f10x_dma.o
    0x080014c0   0x00000118   Code   RO          351    .text               misc.o
    0x080015d8   0x0000005c   Code   RO          363    .text               clock.o
    0x08001634   0x000003dc   Code   RO          389    .text               device.o
    0x08001a10   0x000000e8   Code   RO          406    .text               idle.o
    0x08001af8   0x0000118c   Code   RO          428    .text               ipc.o
    0x08002c84   0x0000003c   Code   RO          445    .text               irq.o
    0x08002cc0   0x000009bc   Code   RO          460    .text               kservice.o
    0x0800367c   0x00000858   Code   RO          477    .text               mem.o
    0x08003ed4   0x000003b0   Code   RO          509    .text               mempool.o
    0x08004284   0x000002f0   Code   RO          539    .text               object.o
    0x08004574   0x000003e4   Code   RO          572    .text               scheduler.o
    0x08004958   0x000006d4   Code   RO          599    .text               thread.o
    0x0800502c   0x0000041c   Code   RO          616    .text               timer.o
    0x08005448   0x00000ad4   Code   RO          635    .text               cmd.o
    0x08005f1c   0x00001b70   Code   RO          655    .text               finsh_compiler.o
    0x08007a8c   0x00000030   Code   RO          692    .text               finsh_error.o
    0x08007abc   0x00000250   Code   RO          708    .text               finsh_heap.o
    0x08007d0c   0x00000058   Code   RO          724    .text               finsh_init.o
    0x08007d64   0x000001ac   Code   RO          742    .text               finsh_node.o
    0x08007f10   0x00000b84   Code   RO          757    .text               finsh_ops.o
    0x08008a94   0x00000a58   Code   RO          775    .text               finsh_parser.o
    0x080094ec   0x00000734   Code   RO          790    .text               finsh_token.o
    0x08009c20   0x000001d0   Code   RO          805    .text               finsh_var.o
    0x08009df0   0x000000f8   Code   RO          828    .text               finsh_vm.o
    0x08009ee8   0x00000854   Code   RO          855    .text               shell.o
    0x0800a73c   0x000003dc   Code   RO          905    .text               dfs.o
    0x0800ab18   0x00000604   Code   RO          932    .text               dfs_fs.o
    0x0800b11c   0x000006d8   Code   RO          958    .text               dfs_file.o
    0x0800b7f4   0x000005b4   Code   RO          978    .text               dfs_posix.o
    0x0800bda8   0x00000a28   Code   RO          994    .text               dfs_elm.o
    0x0800c7d0   0x000029ec   Code   RO         1022    .text               ff.o
    0x0800f1bc   0x00000104   Code   RO         1050    .text               fault.o
    0x0800f2c0   0x000006f0   Code   RO         1072    .text               serial.o
    0x0800f9b0   0x0000008a   Code   RO         1088    .text               stack.o
    0x0800fa3a   0x00000002   PAD
    0x0800fa3c   0x000000b0   Code   RO         1100    .text               context_rvds.o
    0x0800faec   0x00000014   Code   RO         1104    .text               fault_rvds.o
    0x0800fb00   0x0000003c   Code   RO         1111    .text               start_rvds.o
    0x0800fb3c   0x000000a0   Code   RO         1115    .text               application.o
    0x0800fbdc   0x000002c0   Code   RO         1137    .text               board.o
    0x0800fe9c   0x00002c44   Code   RO         1159    .text               sdcard.o
    0x08012ae0   0x00000064   Code   RO         1182    .text               startup.o
    0x08012b44   0x0000003c   Code   RO         1195    .text               stm32f10x_it.o
    0x08012b80   0x000001f8   Code   RO         1208    .text               system_stm32f10x.o
    0x08012d78   0x00000108   Code   RO         1226    .text               usart.o
    0x08012e80   0x000007f8   Code   RO         1245    .text               rz.o
    0x08013678   0x000005bc   Code   RO         1266    .text               sz.o
    0x08013c34   0x000011d0   Code   RO         1281    .text               zcore.o
    0x08014e04   0x00000128   Code   RO         1301    .text               zdevice.o
    0x08014f2c   0x000001cc   Code   RO         1321    .text               zstart.o
    0x080150f8   0x00000010   Code   RO         1345    .text               c_w.l(rt_ctype_table.o)
    0x08015108   0x0000003c   Code   RO         1347    .text               c_w.l(__0sscanf.o)
    0x08015144   0x0000014e   Code   RO         1349    .text               c_w.l(_scanf_int.o)
    0x08015292   0x0000001a   Code   RO         1351    .text               c_w.l(atoi.o)
    0x080152ac   0x00000024   Code   RO         1353    .text               c_w.l(strstr.o)
    0x080152d0   0x0000003e   Code   RO         1355    .text               c_w.l(strlen.o)
    0x0801530e   0x0000008c   Code   RO         1357    .text               c_w.l(strncmp.o)
    0x0801539a   0x00000018   Code   RO         1359    .text               c_w.l(strcat.o)
    0x080153b2   0x0000008a   Code   RO         1361    .text               c_w.l(rt_memcpy_v6.o)
    0x0801543c   0x00000064   Code   RO         1363    .text               c_w.l(rt_memcpy_w.o)
    0x080154a0   0x00000044   Code   RO         1365    .text               c_w.l(rt_memclr.o)
    0x080154e4   0x0000004e   Code   RO         1367    .text               c_w.l(rt_memclr_w.o)
    0x08015532   0x00000056   Code   RO         1369    .text               c_w.l(strncpy.o)
    0x08015588   0x00000006   Code   RO         1371    .text               c_w.l(heapauxi.o)
    0x0801558e   0x00000002   PAD
    0x08015590   0x00000008   Code   RO         1380    .text               c_w.l(rt_locale_intlibspace.o)
    0x08015598   0x00000008   Code   RO         1385    .text               c_w.l(rt_errno_addr_intlibspace.o)
    0x080155a0   0x00000020   Code   RO         1387    .text               c_w.l(_chval.o)
    0x080155c0   0x00000030   Code   RO         1389    .text               c_w.l(scanf_char.o)
    0x080155f0   0x00000040   Code   RO         1391    .text               c_w.l(_sgetc.o)
    0x08015630   0x00000070   Code   RO         1393    .text               c_w.l(strtol.o)
    0x080156a0   0x00000008   Code   RO         1398    .text               c_w.l(libspace.o)
    0x080156a8   0x00000012   Code   RO         1419    .text               c_w.l(isspace.o)
    0x080156ba   0x00000002   PAD
    0x080156bc   0x00000388   Code   RO         1421    .text               c_w.l(_scanf.o)
    0x08015a44   0x0000009e   Code   RO         1423    .text               c_w.l(_strtoul.o)
    0x08015ae2   0x0000004a   Code   RO         1466    .text               c_w.l(sys_stackheap_outer.o)
    0x08015b2c   0x0000000c   Code   RO         1468    .text               c_w.l(exit.o)
    0x08015b38   0x00000008   Code   RO         1500    .text               c_w.l(rt_fp_status_addr_intlibspace.o)
    0x08015b40   0x0000000c   Code   RO         1508    .text               c_w.l(sys_exit.o)
    0x08015b4c   0x00000002   Code   RO         1510    .text               c_w.l(use_no_semi.o)
    0x08015b4e   0x00000002   PAD
    0x08015b50   0x0000002c   Code   RO         1396    locale$$code        c_w.l(lc_ctype_c.o)
    0x08015b7c   0x0000000e   Code   RO         1485    x$fpl$fpinit        fz_ws.l(fpinit.o)
    0x08015b8a   0x000000a8   Data   RO          390    .constdata          device.o
    0x08015c32   0x00000156   Data   RO          429    .constdata          ipc.o
    0x08015d88   0x00000022   Data   RO          462    .constdata          kservice.o
    0x08015daa   0x00000002   PAD
    0x08015dac   0x00000134   Data   RO          479    .constdata          mem.o
    0x08015ee0   0x00000025   Data   RO          510    .constdata          mempool.o
    0x08015f05   0x0000004b   Data   RO          540    .constdata          object.o
    0x08015f50   0x0000014e   Data   RO          574    .constdata          scheduler.o
    0x0801609e   0x000000aa   Data   RO          600    .constdata          thread.o
    0x08016148   0x0000005c   Data   RO          617    .constdata          timer.o
    0x080161a4   0x00000263   Data   RO          636    .constdata          cmd.o
    0x08016407   0x00000001   PAD
    0x08016408   0x000000c4   Data   RO          758    .constdata          finsh_ops.o
    0x080164cc   0x00000040   Data   RO          791    .constdata          finsh_token.o
    0x0801650c   0x0000004d   Data   RO          857    .constdata          shell.o
    0x08016559   0x0000001c   Data   RO          907    .constdata          dfs.o
    0x08016575   0x00000046   Data   RO          933    .constdata          dfs_fs.o
    0x080165bb   0x00000073   Data   RO          960    .constdata          dfs_file.o
    0x0801662e   0x0000003d   Data   RO          979    .constdata          dfs_posix.o
    0x0801666b   0x00000001   PAD
    0x0801666c   0x000000b5   Data   RO          995    .constdata          dfs_elm.o
    0x08016721   0x00000001   PAD
    0x08016722   0x0000002c   Data   RO         1023    .constdata          ff.o
    0x0801674e   0x00000085   Data   RO         1073    .constdata          serial.o
    0x080167d3   0x00000012   Data   RO         1161    .constdata          sdcard.o
    0x080167e5   0x00000045   Data   RO         1323    .constdata          zstart.o
    0x0801682a   0x0000004b   Data   RO          637    .conststring        cmd.o
    0x08016875   0x000000d8   Data   RO          693    .conststring        finsh_error.o
    0x0801694d   0x0000002c   Data   RO          792    .conststring        finsh_token.o
    0x08016979   0x00000004   Data   RO          996    .conststring        dfs_elm.o
    0x0801697d   0x00000003   PAD
    0x08016980   0x0000000c   Data   RO          481    FSymTab             mem.o
    0x0801698c   0x00000090   Data   RO          639    FSymTab             cmd.o
    0x08016a1c   0x00000018   Data   RO          934    FSymTab             dfs_fs.o
    0x08016a34   0x00000030   Data   RO          961    FSymTab             dfs_file.o
    0x08016a64   0x00000018   Data   RO          980    FSymTab             dfs_posix.o
    0x08016a7c   0x00000018   Data   RO         1325    FSymTab             zstart.o
    0x08016a94   0x00000020   Data   RO         1560    Region$$Table       anon$$obj.o
    0x08016ab4   0x00000010   Data   RO          640    VSymTab             cmd.o
    0x08016ac4   0x00000110   Data   RO         1395    locale$$data        c_w.l(lc_ctype_c.o)


    Execution Region RW_IRAM1 (Base: 0x20000000, Size: 0x000035f0, Max: 0x00010000, ABSOLUTE, COMPRESSED[0x00000728])

    Base Addr    Size         Type   Attr      Idx    E Section Name        Object

    0x20000000   0x00000014   Data   RW          110    .data               stm32f10x_rcc.o
    0x20000014   0x00000004   Data   RW          364    .data               clock.o
    0x20000018   0x00000004   Data   RW          408    .data               idle.o
    0x2000001c   0x00000001   Data   RW          446    .data               irq.o
    0x2000001d   0x00000003   PAD
    0x20000020   0x00000008   Data   RW          463    .data               kservice.o
    0x20000028   0x00000020   Data   RW          480    .data               mem.o
    0x20000048   0x00000008   Data   RW          511    .data               mempool.o
    0x20000050   0x000000a4   Data   RW          541    .data               object.o
    0x200000f4   0x0000001c   Data   RW          575    .data               scheduler.o
    0x20000110   0x0000000c   Data   RW          618    .data               timer.o
    0x2000011c   0x00000004   Data   RW          638    .data               cmd.o
    0x20000120   0x00000008   Data   RW          656    .data               finsh_compiler.o
    0x20000128   0x0000003d   Data   RW          694    .data               finsh_error.o
    0x20000165   0x00000003   PAD
    0x20000168   0x00000008   Data   RW          710    .data               finsh_heap.o
    0x20000170   0x00000004   Data   RW          807    .data               finsh_var.o
    0x20000174   0x0000000c   Data   RW          830    .data               finsh_vm.o
    0x20000180   0x00000088   Data   RW          858    .data               shell.o
    0x20000208   0x00000010   Data   RW          892    .data               symbol.o
    0x20000218   0x00000100   Data   RW          908    .data               dfs.o
    0x20000318   0x00000008   Data   RW          997    .data               dfs_elm.o
    0x20000320   0x0000000a   Data   RW         1024    .data               ff.o
    0x2000032a   0x00000002   PAD
    0x2000032c   0x0000000c   Data   RW         1063    .data               interrupt.o
    0x20000338   0x00000028   Data   RW         1162    .data               sdcard.o
    0x20000360   0x00000014   Data   RW         1209    .data               system_stm32f10x.o
    0x20000374   0x0000000c   Data   RW         1228    .data               usart.o
    0x20000380   0x00000603   Data   RW         1268    .data               sz.o
    0x20000983   0x00000001   PAD
    0x20000984   0x0000061f   Data   RW         1283    .data               zcore.o
    0x20000fa3   0x00000001   PAD
    0x20000fa4   0x00000617   Data   RW         1303    .data               zdevice.o
    0x200015bb   0x00000001   PAD
    0x200015bc   0x00000180   Zero   RW          407    .bss                idle.o
    0x2000173c   0x00000080   Zero   RW          461    .bss                kservice.o
    0x200017bc   0x00000020   Zero   RW          478    .bss                mem.o
    0x200017dc   0x00000100   Zero   RW          573    .bss                scheduler.o
    0x200018dc   0x00000080   Zero   RW          709    .bss                finsh_heap.o
    0x2000195c   0x00000140   Zero   RW          743    .bss                finsh_node.o
    0x20001a9c   0x000000c0   Zero   RW          806    .bss                finsh_var.o
    0x20001b5c   0x00000180   Zero   RW          829    .bss                finsh_vm.o
    0x20001cdc   0x00000880   Zero   RW          856    .bss                shell.o
    0x2000255c   0x00000154   Zero   RW          906    .bss                dfs.o
    0x200026b0   0x00000124   Zero   RW          959    .bss                dfs_file.o
    0x200027d4   0x00000324   Zero   RW         1160    .bss                sdcard.o
    0x20002af8   0x00000448   Zero   RW         1227    .bss                usart.o
    0x20002f40   0x00000400   Zero   RW         1267    .bss                sz.o
    0x20003340   0x00000021   Zero   RW         1282    .bss                zcore.o
    0x20003361   0x0000000a   Zero   RW         1302    .bss                zdevice.o
    0x2000336b   0x00000001   PAD
    0x2000336c   0x00000024   Zero   RW         1322    .bss                zstart.o
    0x20003390   0x00000060   Zero   RW         1399    .bss                c_w.l(libspace.o)
    0x200033f0   0x00000000   Zero   RW         1109    HEAP                start_rvds.o
    0x200033f0   0x00000200   Zero   RW         1108    STACK               start_rvds.o


==============================================================================

Image component sizes


      Code (inc. data)   RO Data    RW Data    ZI Data      Debug   Object Name

       160         76          0          0          0        719   application.o
       704         74          0          0          0      16629   board.o
        92          6          0          4          0       7704   clock.o
      2772       1104        846          4          0       9623   cmd.o
       176         20          0          0          0        712   context_rvds.o
         0          0          0          0          0       4188   core_cm3.o
       988        144        168          0          0       5853   device.o
       988        102         28        256        340       8506   dfs.o
      2600        242        185          8          0      15977   dfs_elm.o
      1752        196        163          0        292       7487   dfs_file.o
      1540        214         94          0          0       5528   dfs_fs.o
      1460         22         85          0          0       8058   dfs_posix.o
       260        160          0          0          0       1093   fault.o
        20          0          0          0          0        396   fault_rvds.o
     10732        140         44         10          0      25291   ff.o
      7024        152          0          8          0      10890   finsh_compiler.o
        48         10        216         61          0       1725   finsh_error.o
       592         16          0          8        128       3535   finsh_heap.o
        88          6          0          0          0       1652   finsh_init.o
       428          6          0          0        320       3428   finsh_node.o
      2948         36        196          0          0       8808   finsh_ops.o
      2648         32          0          0          0       9921   finsh_parser.o
      1844         18        108          0          0       6000   finsh_token.o
       464         18          0          4        192       7381   finsh_var.o
       248         34          0         12        384       7006   finsh_vm.o
       232         30          0          4        384       2787   idle.o
         0          0          0         12          0        426   interrupt.o
      4492        272        342          0          0      18859   ipc.o
        60          4          0          1          0       1228   irq.o
      2492        164         34          8        128       9698   kservice.o
      2136        532        320         32         32      10778   mem.o
       944         70         37          8          0       5126   mempool.o
       280         28          0          0          0       1985   misc.o
         0          0          0          0          0        296   module.o
       752        144         75        164          0       5842   object.o
      2040        424          0          0          0       7163   rz.o
       996        184        334         28        256       4988   scheduler.o
     11332        694         18         40        804      28711   sdcard.o
      1776        300        133          0          0       6181   serial.o
      2132        272         77        136       2176      12742   shell.o
       138          0          0          0          0        779   stack.o
        60         24        336          0        512        756   start_rvds.o
       100         18          0          0          0        636   startup.o
         0          0          0          0          0     247796   stm32f10x_crc.o
       628         20          0          0          0       4546   stm32f10x_dma.o
      1048         46          0          0          0       6013   stm32f10x_gpio.o
        60          4          0          0          0       1325   stm32f10x_it.o
      1188         64          0         20          0       9208   stm32f10x_rcc.o
       588         56          0          0          0       7236   stm32f10x_sdio.o
      1274         20          0          0          0       8692   stm32f10x_usart.o
         0          0          0         16          0       4177   symbol.o
       504         38          0         20          0       1823   system_stm32f10x.o
      1468        310          0       1539       1024       3803   sz.o
      1748        244        170          0          0       8374   thread.o
      1052        128         92         12          0       6408   timer.o
       264         24          0         12       1096       1301   usart.o
      4560        256          0       1567         33       9622   zcore.o
       296         28          0       1559         10       1958   zdevice.o
       460         36         93          0         36       5284   zstart.o

    ----------------------------------------------------------------------
     85680       7262       4234       5564       8148     624657   Object Totals
         0          0         32          0          0          0   (incl. Generated)
         4          0          8         11          1          3   (incl. Padding)

    ----------------------------------------------------------------------

      Code (inc. data)   RO Data    RW Data    ZI Data      Debug   Library Member Name

        60          8          0          0          0         84   __0sscanf.o
       100          0          0          0          0          0   __dclz77c.o
         8          0          0          0          0         68   __main.o
        52          8          0          0          0          0   __scatter.o
        28          0          0          0          0          0   __scatter_zi.o
        32          0          0          0          0         68   _chval.o
       904          4          0          0          0        100   _scanf.o
       334          0          0          0          0         96   _scanf_int.o
        64          0          0          0          0         84   _sgetc.o
       158          0          0          0          0         92   _strtoul.o
        26          0          0          0          0         80   atoi.o
        12          0          0          0          0         68   exit.o
         6          0          0          0          0        152   heapauxi.o
        18          0          0          0          0         76   isspace.o
        44         10        272          0          0         76   lc_ctype_c.o
         6          0          0          0          0          0   libinit.o
        20          0          0          0          0          0   libinit2.o
         2          0          0          0          0          0   libshutdown.o
         2          0          0          0          0          0   libshutdown2.o
         8          4          0          0         96         68   libspace.o
        16          4          0          0          0         76   rt_ctype_table.o
         8          4          0          0          0         68   rt_errno_addr_intlibspace.o
         8          4          0          0          0         68   rt_fp_status_addr_intlibspace.o
         8          4          0          0          0         68   rt_locale_intlibspace.o
        68          0          0          0          0         68   rt_memclr.o
        78          0          0          0          0         80   rt_memclr_w.o
       138          0          0          0          0         68   rt_memcpy_v6.o
       100          0          0          0          0         80   rt_memcpy_w.o
         0          0          0          0          0          0   rtentry.o
        12          0          0          0          0          0   rtentry2.o
         6          0          0          0          0          0   rtentry4.o
         2          0          0          0          0          0   rtexit.o
        10          0          0          0          0          0   rtexit2.o
        48         10          0          0          0         84   scanf_char.o
        24          0          0          0          0         68   strcat.o
        62          0          0          0          0         76   strlen.o
       140          0          0          0          0         80   strncmp.o
        86          0          0          0          0         76   strncpy.o
        36          0          0          0          0         80   strstr.o
       112          0          0          0          0         88   strtol.o
        12          4          0          0          0         68   sys_exit.o
        74          0          0          0          0         80   sys_stackheap_outer.o
         2          0          0          0          0         68   use_no_semi.o
        14          0          0          0          0         76   fpinit.o

    ----------------------------------------------------------------------
      2954         64        272          0         96       2532   Library Totals
         6          0          0          0          0          0   (incl. Padding)

    ----------------------------------------------------------------------

      Code (inc. data)   RO Data    RW Data    ZI Data      Debug   Library Name

      2934         64        272          0         96       2456   c_w.l
        14          0          0          0          0         76   fz_ws.l

    ----------------------------------------------------------------------
      2954         64        272          0         96       2532   Library Totals

    ----------------------------------------------------------------------

==============================================================================


      Code (inc. data)   RO Data    RW Data    ZI Data      Debug   

     88634       7326       4506       5564       8244     620952   Grand Totals
     88634       7326       4506       1832       8244     620952   ELF Image Totals (compressed)
     88634       7326       4506       1832          0          0   ROM Totals

==============================================================================

    Total RO  Size (Code + RO Data)                93140 (  90.96kB)
    Total RW  Size (RW Data + ZI Data)             13808 (  13.48kB)
    Total ROM Size (Code + RO Data + RW Data)      94972 (  92.75kB)

==============================================================================

